../Core/Src/main.c:96:6:getSineValues	24	static
../Core/Src/main.c:129:6:recordMode	8	static
../Core/Src/main.c:143:6:playbackMode	16	static
../Core/Src/main.c:205:6:HAL_GPIO_EXTI_Callback	16	static
../Core/Src/main.c:240:6:HAL_DFSDM_FilterRegConvCpltCallback	24	static
../Core/Src/main.c:276:6:HAL_TIM_PeriodElapsedCallback	16	static
../Core/Src/main.c:304:5:main	8	static
../Core/Src/main.c:367:6:SystemClock_Config	96	static
../Core/Src/main.c:418:13:MX_DAC1_Init	48	static
../Core/Src/main.c:462:13:MX_DFSDM1_Init	8	static
../Core/Src/main.c:515:13:MX_TIM2_Init	40	static
../Core/Src/main.c:558:13:MX_DMA_Init	16	static
../Core/Src/main.c:580:13:MX_GPIO_Init	48	static
../Core/Src/main.c:624:6:Error_Handler	4	static,ignoring_inline_asm
