Archive member included to satisfy reference by file (symbol)

../Core/Lib/libarm_cortexM4lf_math.a(arm_sin_f32.o)
                              ./Core/Src/main.o (arm_sin_f32)
../Core/Lib/libarm_cortexM4lf_math.a(arm_common_tables.o)
                              ../Core/Lib/libarm_cortexM4lf_math.a(arm_sin_f32.o) (sinTable_f32)
/Applications/STM32CubeIDE.app/Contents/Eclipse/plugins/com.st.stm32cube.ide.mcu.externaltools.gnu-tools-for-stm32.11.3.rel1.macos64_1.1.1.202309131626/tools/bin/../lib/gcc/arm-none-eabi/11.3.1/../../../../arm-none-eabi/lib/thumb/v7e-m+fp/hard/libc_nano.a(libc_a-exit.o)
                              /Applications/STM32CubeIDE.app/Contents/Eclipse/plugins/com.st.stm32cube.ide.mcu.externaltools.gnu-tools-for-stm32.11.3.rel1.macos64_1.1.1.202309131626/tools/bin/../lib/gcc/arm-none-eabi/11.3.1/../../../../arm-none-eabi/lib/thumb/v7e-m+fp/hard/crt0.o (exit)
/Applications/STM32CubeIDE.app/Contents/Eclipse/plugins/com.st.stm32cube.ide.mcu.externaltools.gnu-tools-for-stm32.11.3.rel1.macos64_1.1.1.202309131626/tools/bin/../lib/gcc/arm-none-eabi/11.3.1/../../../../arm-none-eabi/lib/thumb/v7e-m+fp/hard/libc_nano.a(libc_a-findfp.o)
                              /Applications/STM32CubeIDE.app/Contents/Eclipse/plugins/com.st.stm32cube.ide.mcu.externaltools.gnu-tools-for-stm32.11.3.rel1.macos64_1.1.1.202309131626/tools/bin/../lib/gcc/arm-none-eabi/11.3.1/../../../../arm-none-eabi/lib/thumb/v7e-m+fp/hard/libc_nano.a(libc_a-exit.o) (__stdio_exit_handler)
/Applications/STM32CubeIDE.app/Contents/Eclipse/plugins/com.st.stm32cube.ide.mcu.externaltools.gnu-tools-for-stm32.11.3.rel1.macos64_1.1.1.202309131626/tools/bin/../lib/gcc/arm-none-eabi/11.3.1/../../../../arm-none-eabi/lib/thumb/v7e-m+fp/hard/libc_nano.a(libc_a-fwalk.o)
                              /Applications/STM32CubeIDE.app/Contents/Eclipse/plugins/com.st.stm32cube.ide.mcu.externaltools.gnu-tools-for-stm32.11.3.rel1.macos64_1.1.1.202309131626/tools/bin/../lib/gcc/arm-none-eabi/11.3.1/../../../../arm-none-eabi/lib/thumb/v7e-m+fp/hard/libc_nano.a(libc_a-findfp.o) (_fwalk_sglue)
/Applications/STM32CubeIDE.app/Contents/Eclipse/plugins/com.st.stm32cube.ide.mcu.externaltools.gnu-tools-for-stm32.11.3.rel1.macos64_1.1.1.202309131626/tools/bin/../lib/gcc/arm-none-eabi/11.3.1/../../../../arm-none-eabi/lib/thumb/v7e-m+fp/hard/libc_nano.a(libc_a-memset.o)
                              /Applications/STM32CubeIDE.app/Contents/Eclipse/plugins/com.st.stm32cube.ide.mcu.externaltools.gnu-tools-for-stm32.11.3.rel1.macos64_1.1.1.202309131626/tools/bin/../lib/gcc/arm-none-eabi/11.3.1/../../../../arm-none-eabi/lib/thumb/v7e-m+fp/hard/crt0.o (memset)
/Applications/STM32CubeIDE.app/Contents/Eclipse/plugins/com.st.stm32cube.ide.mcu.externaltools.gnu-tools-for-stm32.11.3.rel1.macos64_1.1.1.202309131626/tools/bin/../lib/gcc/arm-none-eabi/11.3.1/../../../../arm-none-eabi/lib/thumb/v7e-m+fp/hard/libc_nano.a(libc_a-impure.o)
                              /Applications/STM32CubeIDE.app/Contents/Eclipse/plugins/com.st.stm32cube.ide.mcu.externaltools.gnu-tools-for-stm32.11.3.rel1.macos64_1.1.1.202309131626/tools/bin/../lib/gcc/arm-none-eabi/11.3.1/../../../../arm-none-eabi/lib/thumb/v7e-m+fp/hard/libc_nano.a(libc_a-findfp.o) (_impure_data)
/Applications/STM32CubeIDE.app/Contents/Eclipse/plugins/com.st.stm32cube.ide.mcu.externaltools.gnu-tools-for-stm32.11.3.rel1.macos64_1.1.1.202309131626/tools/bin/../lib/gcc/arm-none-eabi/11.3.1/../../../../arm-none-eabi/lib/thumb/v7e-m+fp/hard/libc_nano.a(libc_a-errno.o)
                              ./Core/Src/syscalls.o (__errno)
/Applications/STM32CubeIDE.app/Contents/Eclipse/plugins/com.st.stm32cube.ide.mcu.externaltools.gnu-tools-for-stm32.11.3.rel1.macos64_1.1.1.202309131626/tools/bin/../lib/gcc/arm-none-eabi/11.3.1/../../../../arm-none-eabi/lib/thumb/v7e-m+fp/hard/libc_nano.a(libc_a-init.o)
                              /Applications/STM32CubeIDE.app/Contents/Eclipse/plugins/com.st.stm32cube.ide.mcu.externaltools.gnu-tools-for-stm32.11.3.rel1.macos64_1.1.1.202309131626/tools/bin/../lib/gcc/arm-none-eabi/11.3.1/../../../../arm-none-eabi/lib/thumb/v7e-m+fp/hard/crt0.o (__libc_init_array)
/Applications/STM32CubeIDE.app/Contents/Eclipse/plugins/com.st.stm32cube.ide.mcu.externaltools.gnu-tools-for-stm32.11.3.rel1.macos64_1.1.1.202309131626/tools/bin/../lib/gcc/arm-none-eabi/11.3.1/../../../../arm-none-eabi/lib/thumb/v7e-m+fp/hard/libc_nano.a(libc_a-lock.o)
                              /Applications/STM32CubeIDE.app/Contents/Eclipse/plugins/com.st.stm32cube.ide.mcu.externaltools.gnu-tools-for-stm32.11.3.rel1.macos64_1.1.1.202309131626/tools/bin/../lib/gcc/arm-none-eabi/11.3.1/../../../../arm-none-eabi/lib/thumb/v7e-m+fp/hard/libc_nano.a(libc_a-findfp.o) (__retarget_lock_init_recursive)
[...]
Memory Configuration

Name             Origin             Length             Attributes
RAM              0x0000000020000000 0x00000000000a0000 xrw
RAM2             0x0000000010000000 0x0000000000010000 xrw
RAM3             0x0000000020040000 0x0000000000060000 xrw
FLASH            0x0000000008000000 0x0000000000200000 xr
*default*        0x0000000000000000 0xffffffffffffffff

Linker script and memory map

LOAD /Applications/STM32CubeIDE.app/Contents/Eclipse/plugins/com.st.stm32cube.ide.mcu.externaltools.gnu-tools-for-stm32.11.3.rel1.macos64_1.1.1.202309131626/tools/bin/../lib/gcc/arm-none-eabi/11.3.1/thumb/v7e-m+fp/hard/crti.o
LOAD /Applications/STM32CubeIDE.app/Contents/Eclipse/plugins/com.st.stm32cube.ide.mcu.externaltools.gnu-tools-for-stm32.11.3.rel1.macos64_1.1.1.202309131626/tools/bin/../lib/gcc/arm-none-eabi/11.3.1/thumb/v7e-m+fp/hard/crtbegin.o
LOAD /Applications/STM32CubeIDE.app/Contents/Eclipse/plugins/com.st.stm32cube.ide.mcu.externaltools.gnu-tools-for-stm32.11.3.rel1.macos64_1.1.1.202309131626/tools/bin/../lib/gcc/arm-none-eabi/11.3.1/../../../../arm-none-eabi/lib/thumb/v7e-m+fp/hard/crt0.o
LOAD ./Core/Src/main.o
LOAD ./Core/Src/stm32l4xx_hal_msp.o
LOAD ./Core/Src/stm32l4xx_it.o
LOAD ./Core/Src/syscalls.o
LOAD ./Core/Src/sysmem.o
LOAD ./Core/Src/system_stm32l4xx.o
LOAD ./Core/Startup/startup_stm32l4s5vitx.o
LOAD ./Drivers/STM32L4xx_HAL_Driver/Src/stm32l4xx_hal.o
LOAD ./Drivers/STM32L4xx_HAL_Driver/Src/stm32l4xx_hal_cortex.o
LOAD ./Drivers/STM32L4xx_HAL_Driver/Src/stm32l4xx_hal_dac.o
LOAD ./Drivers/STM32L4xx_HAL_Driver/Src/stm32l4xx_hal_dac_ex.o
LOAD ./Drivers/STM32L4xx_HAL_Driver/Src/stm32l4xx_hal_dma.o
LOAD ./Drivers/STM32L4xx_HAL_Driver/Src/stm32l4xx_hal_dma_ex.o
LOAD ./Drivers/STM32L4xx_HAL_Driver/Src/stm32l4xx_hal_exti.o
LOAD ./Drivers/STM32L4xx_HAL_Driver/Src/stm32l4xx_hal_flash.o
LOAD ./Drivers/STM32L4xx_HAL_Driver/Src/stm32l4xx_hal_flash_ex.o
LOAD ./Drivers/STM32L4xx_HAL_Driver/Src/stm32l4xx_hal_flash_ramfunc.o
LOAD ./Drivers/STM32L4xx_HAL_Driver/Src/stm32l4xx_hal_gpio.o
LOAD ./Drivers/STM32L4xx_HAL_Driver/Src/stm32l4xx_hal_pwr.o
LOAD ./Drivers/STM32L4xx_HAL_Driver/Src/stm32l4xx_hal_pwr_ex.o
LOAD ./Drivers/STM32L4xx_HAL_Driver/Src/stm32l4xx_hal_rcc.o
LOAD ./Drivers/STM32L4xx_HAL_Driver/Src/stm32l4xx_hal_rcc_ex.o
LOAD ../Core/Lib/libarm_cortexM4lf_math.a
START GROUP
LOAD /Applications/STM32CubeIDE.app/Contents/Eclipse/plugins/com.st.stm32cube.ide.mcu.externaltools.gnu-tools-for-stm32.11.3.rel1.macos64_1.1.1.202309131626/tools/bin/../lib/gcc/arm-none-eabi/11.3.1/../../../../arm-none-eabi/lib/thumb/v7e-m+fp/hard/libc_nano.a
LOAD /Applications/STM32CubeIDE.app/Contents/Eclipse/plugins/com.st.stm32cube.ide.mcu.externaltools.gnu-tools-for-stm32.11.3.rel1.macos64_1.1.1.202309131626/tools/bin/../lib/gcc/arm-none-eabi/11.3.1/../../../../arm-none-eabi/lib/thumb/v7e-m+fp/hard/libm.a
END GROUP
START GROUP
LOAD /Applications/STM32CubeIDE.app/Contents/Eclipse/plugins/com.st.stm32cube.ide.mcu.externaltools.gnu-tools-for-stm32.11.3.rel1.macos64_1.1.1.202309131626/tools/bin/../lib/gcc/arm-none-eabi/11.3.1/thumb/v7e-m+fp/hard/libgcc.a
LOAD /Applications/STM32CubeIDE.app/Contents/Eclipse/plugins/com.st.stm32cube.ide.mcu.externaltools.gnu-tools-for-stm32.11.3.rel1.macos64_1.1.1.202309131626/tools/bin/../lib/gcc/arm-none-eabi/11.3.1/../../../../arm-none-eabi/lib/thumb/v7e-m+fp/hard/libc_nano.a
END GROUP
START GROUP
LOAD /Applications/STM32CubeIDE.app/Contents/Eclipse/plugins/com.st.stm32cube.ide.mcu.externaltools.gnu-tools-for-stm32.11.3.rel1.macos64_1.1.1.202309131626/tools/bin/../lib/gcc/arm-none-eabi/11.3.1/thumb/v7e-m+fp/hard/libgcc.a
LOAD /Applications/STM32CubeIDE.app/Contents/Eclipse/plugins/com.st.stm32cube.ide.mcu.externaltools.gnu-tools-for-stm32.11.3.rel1.macos64_1.1.1.202309131626/tools/bin/../lib/gcc/arm-none-eabi/11.3.1/../../../../arm-none-eabi/lib/thumb/v7e-m+fp/hard/libc_nano.a
LOAD /Applications/STM32CubeIDE.app/Contents/Eclipse/plugins/com.st.stm32cube.ide.mcu.externaltools.gnu-tools-for-stm32.11.3.rel1.macos64_1.1.1.202309131626/tools/bin/../lib/gcc/arm-none-eabi/11.3.1/../../../../arm-none-eabi/lib/thumb/v7e-m+fp/hard/libnosys.a
END GROUP
START GROUP
LOAD /Applications/STM32CubeIDE.app/Contents/Eclipse/plugins/com.st.stm32cube.ide.mcu.externaltools.gnu-tools-for-stm32.11.3.rel1.macos64_1.1.1.202309131626/tools/bin/../lib/gcc/arm-none-eabi/11.3.1/thumb/v7e-m+fp/hard/libgcc.a
LOAD /Applications/STM32CubeIDE.app/Contents/Eclipse/plugins/com.st.stm32cube.ide.mcu.externaltools.gnu-tools-for-stm32.11.3.rel1.macos64_1.1.1.202309131626/tools/bin/../lib/gcc/arm-none-eabi/11.3.1/../../../../arm-none-eabi/lib/thumb/v7e-m+fp/hard/libc_nano.a
LOAD /Applications/STM32CubeIDE.app/Contents/Eclipse/plugins/com.st.stm32cube.ide.mcu.externaltools.gnu-tools-for-stm32.11.3.rel1.macos64_1.1.1.202309131626/tools/bin/../lib/gcc/arm-none-eabi/11.3.1/../../../../arm-none-eabi/lib/thumb/v7e-m+fp/hard/libnosys.a
END GROUP
LOAD /Applications/STM32CubeIDE.app/Contents/Eclipse/plugins/com.st.stm32cube.ide.mcu.externaltools.gnu-tools-for-stm32.11.3.rel1.macos64_1.1.1.202309131626/tools/bin/../lib/gcc/arm-none-eabi/11.3.1/thumb/v7e-m+fp/hard/crtend.o
LOAD /Applications/STM32CubeIDE.app/Contents/Eclipse/plugins/com.st.stm32cube.ide.mcu.externaltools.gnu-tools-for-stm32.11.3.rel1.macos64_1.1.1.202309131626/tools/bin/../lib/gcc/arm-none-eabi/11.3.1/thumb/v7e-m+fp/hard/crtn.o
                0x00000000200a0000                _estack = (ORIGIN (RAM) + LENGTH (RAM))
                0x0000000000000200                _Min_Heap_Size = 0x200
                0x0000000000000400                _Min_Stack_Size = 0x400

.isr_vector     0x0000000008000000      0x1bc
                0x0000000008000000                . = ALIGN (0x4)
 *(.isr_vector)
 .isr_vector    0x0000000008000000      0x1bc ./Core/Startup/startup_stm32l4s5vitx.o
                0x0000000008000000                g_pfnVectors
                0x00000000080001bc                . = ALIGN (0x4)

.text           0x00000000080001c0     0x231c
                0x00000000080001c0                . = ALIGN (0x4)
 *(.text)
 .text          0x00000000080001c0       0x40 /Applications/STM32CubeIDE.app/Contents/Eclipse/plugins/com.st.stm32cube.ide.mcu.externaltools.gnu-tools-for-stm32.11.3.rel1.macos64_1.1.1.202309131626/tools/bin/../lib/gcc/arm-none-eabi/11.3.1/thumb/v7e-m+fp/hard/crtbegin.o
 .text          0x0000000008000200      0x378 /Applications/STM32CubeIDE.app/Contents/Eclipse/plugins/com.st.stm32cube.ide.mcu.externaltools.gnu-tools-for-stm32.11.3.rel1.macos64_1.1.1.202309131626/tools/bin/../lib/gcc/arm-none-eabi/11.3.1/thumb/v7e-m+fp/hard/libgcc.a(_arm_addsubdf3.o)
                0x0000000008000200                __aeabi_drsub
                0x0000000008000208                __subdf3
                0x0000000008000208                __aeabi_dsub
                0x000000000800020c                __aeabi_dadd
                0x000000000800020c                __adddf3
                0x0000000008000484                __aeabi_ui2d
                0x0000000008000484                __floatunsidf
                0x00000000080004a4                __floatsidf
                0x00000000080004a4                __aeabi_i2d
                0x00000000080004c8                __extendsfdf2
                0x00000000080004c8                __aeabi_f2d
                0x000000000800050c                __aeabi_ul2d
                0x000000000800050c                __floatundidf
                0x000000000800051c                __aeabi_l2d
                0x000000000800051c                __floatdidf
 .text          0x0000000008000578       0xa0 /Applications/STM32CubeIDE.app/Contents/Eclipse/plugins/com.st.stm32cube.ide.mcu.externaltools.gnu-tools-for-stm32.11.3.rel1.macos64_1.1.1.202309131626/tools/bin/../lib/gcc/arm-none-eabi/11.3.1/thumb/v7e-m+fp/hard/libgcc.a(_arm_truncdfsf2.o)
                0x0000000008000578                __aeabi_d2f
                0x0000000008000578                __truncdfsf2
 *(.text*)
 .text.main     0x0000000008000618      0x128 ./Core/Src/main.o
                0x0000000008000618                main
 .text.SystemClock_Config
                0x0000000008000740       0xa2 ./Core/Src/main.o
                0x0000000008000740                SystemClock_Config
 *fill*         0x00000000080007e2        0x2 
 .text.MX_DAC1_Init
                0x00000000080007e4       0x80 ./Core/Src/main.o
 .text.MX_GPIO_Init
                0x0000000008000864       0xb8 ./Core/Src/main.o
 .text.Error_Handler
                0x000000000800091c        0xa ./Core/Src/main.o
                0x000000000800091c                Error_Handler
 *fill*         0x0000000008000926        0x2 
 .text.HAL_MspInit
                0x0000000008000928       0x48 ./Core/Src/stm32l4xx_hal_msp.o
                0x0000000008000928                HAL_MspInit
 .text.HAL_DAC_MspInit
                0x0000000008000970       0x7c ./Core/Src/stm32l4xx_hal_msp.o
                0x0000000008000970                HAL_DAC_MspInit
 .text.NMI_Handler
                0x00000000080009ec        0x6 ./Core/Src/stm32l4xx_it.o
                0x00000000080009ec                NMI_Handler
 .text.HardFault_Handler
                0x00000000080009f2        0x6 ./Core/Src/stm32l4xx_it.o
                0x00000000080009f2                HardFault_Handler
 .text.MemManage_Handler
                0x00000000080009f8        0x6 ./Core/Src/stm32l4xx_it.o
                0x00000000080009f8                MemManage_Handler
 .text.BusFault_Handler
                0x00000000080009fe        0x6 ./Core/Src/stm32l4xx_it.o
                0x00000000080009fe                BusFault_Handler
 .text.UsageFault_Handler
                0x0000000008000a04        0x6 ./Core/Src/stm32l4xx_it.o
                0x0000000008000a04                UsageFault_Handler
 .text.SVC_Handler
                0x0000000008000a0a        0xe ./Core/Src/stm32l4xx_it.o
                0x0000000008000a0a                SVC_Handler
 .text.DebugMon_Handler
                0x0000000008000a18        0xe ./Core/Src/stm32l4xx_it.o
                0x0000000008000a18                DebugMon_Handler
 .text.PendSV_Handler
                0x0000000008000a26        0xe ./Core/Src/stm32l4xx_it.o
                0x0000000008000a26                PendSV_Handler
 .text.SysTick_Handler
                0x0000000008000a34        0xc ./Core/Src/stm32l4xx_it.o
                0x0000000008000a34                SysTick_Handler
 .text.SystemInit
                0x0000000008000a40       0x24 ./Core/Src/system_stm32l4xx.o
                0x0000000008000a40                SystemInit
 .text.Reset_Handler
                0x0000000008000a64       0x50 ./Core/Startup/startup_stm32l4s5vitx.o
                0x0000000008000a64                Reset_Handler
 .text.Default_Handler
                0x0000000008000ab4        0x2 ./Core/Startup/startup_stm32l4s5vitx.o
                0x0000000008000ab4                TIM1_BRK_TIM15_IRQHandler
                0x0000000008000ab4                EXTI2_IRQHandler
                0x0000000008000ab4                TIM8_TRG_COM_IRQHandler
                0x0000000008000ab4                TIM8_CC_IRQHandler
                0x0000000008000ab4                TIM1_CC_IRQHandler
                0x0000000008000ab4                TSC_IRQHandler
                0x0000000008000ab4                TAMP_STAMP_IRQHandler
                0x0000000008000ab4                EXTI3_IRQHandler
                0x0000000008000ab4                LPTIM2_IRQHandler
                0x0000000008000ab4                DFSDM1_FLT1_IRQHandler
                0x0000000008000ab4                GFXMMU_IRQHandler
                0x0000000008000ab4                I2C3_ER_IRQHandler
                0x0000000008000ab4                DFSDM1_FLT2_IRQHandler
                0x0000000008000ab4                EXTI0_IRQHandler
                0x0000000008000ab4                I2C2_EV_IRQHandler
                0x0000000008000ab4                CAN1_RX0_IRQHandler
                0x0000000008000ab4                FPU_IRQHandler
                0x0000000008000ab4                TIM1_UP_TIM16_IRQHandler
                0x0000000008000ab4                LTDC_ER_IRQHandler
                0x0000000008000ab4                SPI1_IRQHandler
                0x0000000008000ab4                OCTOSPI1_IRQHandler
                0x0000000008000ab4                TIM6_DAC_IRQHandler
                0x0000000008000ab4                DCMI_IRQHandler
                0x0000000008000ab4                TIM8_UP_IRQHandler
                0x0000000008000ab4                OCTOSPI2_IRQHandler
                0x0000000008000ab4                DMA2_Channel2_IRQHandler
                0x0000000008000ab4                DMA1_Channel4_IRQHandler
                0x0000000008000ab4                SAI2_IRQHandler
                0x0000000008000ab4                ADC1_IRQHandler
                0x0000000008000ab4                DFSDM1_FLT3_IRQHandler
                0x0000000008000ab4                USART3_IRQHandler
                0x0000000008000ab4                DMA1_Channel7_IRQHandler
                0x0000000008000ab4                CAN1_RX1_IRQHandler
                0x0000000008000ab4                UART5_IRQHandler
                0x0000000008000ab4                TIM4_IRQHandler
                0x0000000008000ab4                DMA2_Channel1_IRQHandler
                0x0000000008000ab4                I2C1_EV_IRQHandler
                0x0000000008000ab4                DMAMUX1_OVR_IRQHandler
                0x0000000008000ab4                DMA1_Channel6_IRQHandler
                0x0000000008000ab4                UART4_IRQHandler
                0x0000000008000ab4                DMA2_Channel4_IRQHandler
                0x0000000008000ab4                TIM3_IRQHandler
                0x0000000008000ab4                RCC_IRQHandler
                0x0000000008000ab4                DMA1_Channel1_IRQHandler
                0x0000000008000ab4                Default_Handler
                0x0000000008000ab4                DMA2_Channel7_IRQHandler
                0x0000000008000ab4                EXTI15_10_IRQHandler
                0x0000000008000ab4                TIM7_IRQHandler
                0x0000000008000ab4                SDMMC1_IRQHandler
                0x0000000008000ab4                TIM5_IRQHandler
                0x0000000008000ab4                I2C3_EV_IRQHandler
                0x0000000008000ab4                EXTI9_5_IRQHandler
                0x0000000008000ab4                RTC_WKUP_IRQHandler
                0x0000000008000ab4                LTDC_IRQHandler
                0x0000000008000ab4                PVD_PVM_IRQHandler
                0x0000000008000ab4                SPI2_IRQHandler
                0x0000000008000ab4                CAN1_TX_IRQHandler
                0x0000000008000ab4                DMA2_Channel5_IRQHandler
                0x0000000008000ab4                DMA1_Channel5_IRQHandler
                0x0000000008000ab4                EXTI4_IRQHandler
                0x0000000008000ab4                RNG_IRQHandler
                0x0000000008000ab4                TIM1_TRG_COM_TIM17_IRQHandler
                0x0000000008000ab4                DMA1_Channel3_IRQHandler
                0x0000000008000ab4                COMP_IRQHandler
                0x0000000008000ab4                HASH_CRS_IRQHandler
                0x0000000008000ab4                WWDG_IRQHandler
                0x0000000008000ab4                I2C4_EV_IRQHandler
                0x0000000008000ab4                LPUART1_IRQHandler
                0x0000000008000ab4                DMA2_Channel6_IRQHandler
                0x0000000008000ab4                TIM2_IRQHandler
                0x0000000008000ab4                DMA2D_IRQHandler
                0x0000000008000ab4                EXTI1_IRQHandler
                0x0000000008000ab4                AES_IRQHandler
                0x0000000008000ab4                USART2_IRQHandler
                0x0000000008000ab4                DFSDM1_FLT0_IRQHandler
                0x0000000008000ab4                I2C2_ER_IRQHandler
                0x0000000008000ab4                DMA1_Channel2_IRQHandler
                0x0000000008000ab4                TIM8_BRK_IRQHandler
                0x0000000008000ab4                CAN1_SCE_IRQHandler
                0x0000000008000ab4                FLASH_IRQHandler
                0x0000000008000ab4                USART1_IRQHandler
                0x0000000008000ab4                OTG_FS_IRQHandler
                0x0000000008000ab4                SPI3_IRQHandler
                0x0000000008000ab4                I2C1_ER_IRQHandler
                0x0000000008000ab4                FMC_IRQHandler
                0x0000000008000ab4                LPTIM1_IRQHandler
                0x0000000008000ab4                I2C4_ER_IRQHandler
                0x0000000008000ab4                SAI1_IRQHandler
                0x0000000008000ab4                DMA2_Channel3_IRQHandler
                0x0000000008000ab4                RTC_Alarm_IRQHandler
 .text.HAL_Init
                0x0000000008000ab6       0x30 ./Drivers/STM32L4xx_HAL_Driver/Src/stm32l4xx_hal.o
                0x0000000008000ab6                HAL_Init
 *fill*         0x0000000008000ae6        0x2 
 .text.HAL_InitTick
                0x0000000008000ae8       0x78 ./Drivers/STM32L4xx_HAL_Driver/Src/stm32l4xx_hal.o
                0x0000000008000ae8                HAL_InitTick
 .text.HAL_IncTick
                0x0000000008000b60       0x28 ./Drivers/STM32L4xx_HAL_Driver/Src/stm32l4xx_hal.o
                0x0000000008000b60                HAL_IncTick
 .text.HAL_GetTick
                0x0000000008000b88       0x18 ./Drivers/STM32L4xx_HAL_Driver/Src/stm32l4xx_hal.o
                0x0000000008000b88                HAL_GetTick
 .text.HAL_Delay
                0x0000000008000ba0       0x48 ./Drivers/STM32L4xx_HAL_Driver/Src/stm32l4xx_hal.o
                0x0000000008000ba0                HAL_Delay
 .text.__NVIC_SetPriorityGrouping
                0x0000000008000be8       0x48 ./Drivers/STM32L4xx_HAL_Driver/Src/stm32l4xx_hal_cortex.o
 .text.__NVIC_GetPriorityGrouping
                0x0000000008000c30       0x1c ./Drivers/STM32L4xx_HAL_Driver/Src/stm32l4xx_hal_cortex.o
 .text.__NVIC_SetPriority
                0x0000000008000c4c       0x54 ./Drivers/STM32L4xx_HAL_Driver/Src/stm32l4xx_hal_cortex.o
 .text.NVIC_EncodePriority
                0x0000000008000ca0       0x66 ./Drivers/STM32L4xx_HAL_Driver/Src/stm32l4xx_hal_cortex.o
 *fill*         0x0000000008000d06        0x2 
 .text.SysTick_Config
                0x0000000008000d08       0x44 ./Drivers/STM32L4xx_HAL_Driver/Src/stm32l4xx_hal_cortex.o
 .text.HAL_NVIC_SetPriorityGrouping
                0x0000000008000d4c       0x16 ./Drivers/STM32L4xx_HAL_Driver/Src/stm32l4xx_hal_cortex.o
                0x0000000008000d4c                HAL_NVIC_SetPriorityGrouping
 .text.HAL_NVIC_SetPriority
                0x0000000008000d62       0x38 ./Drivers/STM32L4xx_HAL_Driver/Src/stm32l4xx_hal_cortex.o
                0x0000000008000d62                HAL_NVIC_SetPriority
 .text.HAL_SYSTICK_Config
                0x0000000008000d9a       0x18 ./Drivers/STM32L4xx_HAL_Driver/Src/stm32l4xx_hal_cortex.o
                0x0000000008000d9a                HAL_SYSTICK_Config
 .text.HAL_DAC_Init
                0x0000000008000db2       0x44 ./Drivers/STM32L4xx_HAL_Driver/Src/stm32l4xx_hal_dac.o
                0x0000000008000db2                HAL_DAC_Init
 .text.HAL_DAC_Start
                0x0000000008000df6       0xa4 ./Drivers/STM32L4xx_HAL_Driver/Src/stm32l4xx_hal_dac.o
                0x0000000008000df6                HAL_DAC_Start
 .text.HAL_DAC_SetValue
                0x0000000008000e9a       0x4a ./Drivers/STM32L4xx_HAL_Driver/Src/stm32l4xx_hal_dac.o
                0x0000000008000e9a                HAL_DAC_SetValue
 .text.HAL_DAC_ConfigChannel
                0x0000000008000ee4      0x298 ./Drivers/STM32L4xx_HAL_Driver/Src/stm32l4xx_hal_dac.o
                0x0000000008000ee4                HAL_DAC_ConfigChannel
 .text.HAL_GPIO_Init
                0x000000000800117c      0x324 ./Drivers/STM32L4xx_HAL_Driver/Src/stm32l4xx_hal_gpio.o
                0x000000000800117c                HAL_GPIO_Init
 .text.HAL_GPIO_ReadPin
                0x00000000080014a0       0x30 ./Drivers/STM32L4xx_HAL_Driver/Src/stm32l4xx_hal_gpio.o
                0x00000000080014a0                HAL_GPIO_ReadPin
 .text.HAL_GPIO_WritePin
                0x00000000080014d0       0x30 ./Drivers/STM32L4xx_HAL_Driver/Src/stm32l4xx_hal_gpio.o
                0x00000000080014d0                HAL_GPIO_WritePin
 .text.HAL_PWREx_GetVoltageRange
                0x0000000008001500       0x40 ./Drivers/STM32L4xx_HAL_Driver/Src/stm32l4xx_hal_pwr_ex.o
                0x0000000008001500                HAL_PWREx_GetVoltageRange
 .text.HAL_PWREx_ControlVoltageScaling
                0x0000000008001540      0x148 ./Drivers/STM32L4xx_HAL_Driver/Src/stm32l4xx_hal_pwr_ex.o
                0x0000000008001540                HAL_PWREx_ControlVoltageScaling
 .text.HAL_RCC_OscConfig
                0x0000000008001688      0x834 ./Drivers/STM32L4xx_HAL_Driver/Src/stm32l4xx_hal_rcc.o
                0x0000000008001688                HAL_RCC_OscConfig
 .text.HAL_RCC_ClockConfig
                0x0000000008001ebc      0x274 ./Drivers/STM32L4xx_HAL_Driver/Src/stm32l4xx_hal_rcc.o
                0x0000000008001ebc                HAL_RCC_ClockConfig
 .text.HAL_RCC_GetSysClockFreq
                0x0000000008002130      0x118 ./Drivers/STM32L4xx_HAL_Driver/Src/stm32l4xx_hal_rcc.o
                0x0000000008002130                HAL_RCC_GetSysClockFreq
 .text.HAL_RCC_GetHCLKFreq
                0x0000000008002248       0x18 ./Drivers/STM32L4xx_HAL_Driver/Src/stm32l4xx_hal_rcc.o
                0x0000000008002248                HAL_RCC_GetHCLKFreq
 .text.RCC_SetFlashLatencyFromMSIRange
                0x0000000008002260       0xb4 ./Drivers/STM32L4xx_HAL_Driver/Src/stm32l4xx_hal_rcc.o
 .text.RCC_GetSysClockFreqFromPLLSource
                0x0000000008002314       0xcc ./Drivers/STM32L4xx_HAL_Driver/Src/stm32l4xx_hal_rcc.o
 .text.arm_sin_f32
                0x00000000080023e0       0x8c ../Core/Lib/libarm_cortexM4lf_math.a(arm_sin_f32.o)
                0x00000000080023e0                arm_sin_f32
 .text.memset   0x000000000800246c       0x10 /Applications/STM32CubeIDE.app/Contents/Eclipse/plugins/com.st.stm32cube.ide.mcu.externaltools.gnu-tools-for-stm32.11.3.rel1.macos64_1.1.1.202309131626/tools/bin/../lib/gcc/arm-none-eabi/11.3.1/../../../../arm-none-eabi/lib/thumb/v7e-m+fp/hard/libc_nano.a(libc_a-memset.o)
                0x000000000800246c                memset
 .text.__libc_init_array
                0x000000000800247c       0x48 /Applications/STM32CubeIDE.app/Contents/Eclipse/plugins/com.st.stm32cube.ide.mcu.externaltools.gnu-tools-for-stm32.11.3.rel1.macos64_1.1.1.202309131626/tools/bin/../lib/gcc/arm-none-eabi/11.3.1/../../../../arm-none-eabi/lib/thumb/v7e-m+fp/hard/libc_nano.a(libc_a-init.o)
                0x000000000800247c                __libc_init_array
 *(.glue_7)
 .glue_7        0x00000000080024c4        0x0 linker stubs
 *(.glue_7t)
 .glue_7t       0x00000000080024c4        0x0 linker stubs
 *(.eh_frame)
 .eh_frame      0x00000000080024c4        0x0 /Applications/STM32CubeIDE.app/Contents/Eclipse/plugins/com.st.stm32cube.ide.mcu.externaltools.gnu-tools-for-stm32.11.3.rel1.macos64_1.1.1.202309131626/tools/bin/../lib/gcc/arm-none-eabi/11.3.1/thumb/v7e-m+fp/hard/crtbegin.o
 *(.init)
 .init          0x00000000080024c4        0x4 /Applications/STM32CubeIDE.app/Contents/Eclipse/plugins/com.st.stm32cube.ide.mcu.externaltools.gnu-tools-for-stm32.11.3.rel1.macos64_1.1.1.202309131626/tools/bin/../lib/gcc/arm-none-eabi/11.3.1/thumb/v7e-m+fp/hard/crti.o
                0x00000000080024c4                _init
 .init          0x00000000080024c8        0x8 /Applications/STM32CubeIDE.app/Contents/Eclipse/plugins/com.st.stm32cube.ide.mcu.externaltools.gnu-tools-for-stm32.11.3.rel1.macos64_1.1.1.202309131626/tools/bin/../lib/gcc/arm-none-eabi/11.3.1/thumb/v7e-m+fp/hard/crtn.o
 *(.fini)
 .fini          0x00000000080024d0        0x4 /Applications/STM32CubeIDE.app/Contents/Eclipse/plugins/com.st.stm32cube.ide.mcu.externaltools.gnu-tools-for-stm32.11.3.rel1.macos64_1.1.1.202309131626/tools/bin/../lib/gcc/arm-none-eabi/11.3.1/thumb/v7e-m+fp/hard/crti.o
                0x00000000080024d0                _fini
 .fini          0x00000000080024d4        0x8 /Applications/STM32CubeIDE.app/Contents/Eclipse/plugins/com.st.stm32cube.ide.mcu.externaltools.gnu-tools-for-stm32.11.3.rel1.macos64_1.1.1.202309131626/tools/bin/../lib/gcc/arm-none-eabi/11.3.1/thumb/v7e-m+fp/hard/crtn.o
                0x00000000080024dc                . = ALIGN (0x4)
                0x00000000080024dc                _etext = .

.vfp11_veneer   0x00000000080024dc        0x0
 .vfp11_veneer  0x00000000080024dc        0x0 linker stubs

.v4_bx          0x00000000080024dc        0x0
 .v4_bx         0x00000000080024dc        0x0 linker stubs

.iplt           0x00000000080024dc        0x0
 .iplt          0x00000000080024dc        0x0 /Applications/STM32CubeIDE.app/Contents/Eclipse/plugins/com.st.stm32cube.ide.mcu.externaltools.gnu-tools-for-stm32.11.3.rel1.macos64_1.1.1.202309131626/tools/bin/../lib/gcc/arm-none-eabi/11.3.1/thumb/v7e-m+fp/hard/crtbegin.o

.rodata         0x00000000080024dc      0x844
                0x00000000080024dc                . = ALIGN (0x4)
 *(.rodata)
 *(.rodata*)
 .rodata.AHBPrescTable
                0x00000000080024dc       0x10 ./Core/Src/system_stm32l4xx.o
                0x00000000080024dc                AHBPrescTable
 .rodata.MSIRangeTable
                0x00000000080024ec       0x30 ./Core/Src/system_stm32l4xx.o
                0x00000000080024ec                MSIRangeTable
 .rodata.sinTable_f32
                0x000000000800251c      0x804 ../Core/Lib/libarm_cortexM4lf_math.a(arm_common_tables.o)
                0x000000000800251c                sinTable_f32
                0x0000000008002d20                . = ALIGN (0x4)

.rel.dyn        0x0000000008002d20        0x0
 .rel.iplt      0x0000000008002d20        0x0 /Applications/STM32CubeIDE.app/Contents/Eclipse/plugins/com.st.stm32cube.ide.mcu.externaltools.gnu-tools-for-stm32.11.3.rel1.macos64_1.1.1.202309131626/tools/bin/../lib/gcc/arm-none-eabi/11.3.1/thumb/v7e-m+fp/hard/crtbegin.o

.ARM.extab      0x0000000008002d20        0x0
                0x0000000008002d20                . = ALIGN (0x4)
 *(.ARM.extab* .gnu.linkonce.armextab.*)
                0x0000000008002d20                . = ALIGN (0x4)

.ARM            0x0000000008002d20        0x0
                0x0000000008002d20                . = ALIGN (0x4)
                0x0000000008002d20                __exidx_start = .
 *(.ARM.exidx*)
                0x0000000008002d20                __exidx_end = .
                0x0000000008002d20                . = ALIGN (0x4)

.preinit_array  0x0000000008002d20        0x0
                0x0000000008002d20                . = ALIGN (0x4)
                0x0000000008002d20                PROVIDE (__preinit_array_start = .)
 *(.preinit_array*)
                0x0000000008002d20                PROVIDE (__preinit_array_end = .)
                0x0000000008002d20                . = ALIGN (0x4)

.init_array     0x0000000008002d20        0x4
                0x0000000008002d20                . = ALIGN (0x4)
                0x0000000008002d20                PROVIDE (__init_array_start = .)
 *(SORT_BY_NAME(.init_array.*))
 *(.init_array*)
 .init_array    0x0000000008002d20        0x4 /Applications/STM32CubeIDE.app/Contents/Eclipse/plugins/com.st.stm32cube.ide.mcu.externaltools.gnu-tools-for-stm32.11.3.rel1.macos64_1.1.1.202309131626/tools/bin/../lib/gcc/arm-none-eabi/11.3.1/thumb/v7e-m+fp/hard/crtbegin.o
                0x0000000008002d24                PROVIDE (__init_array_end = .)
                0x0000000008002d24                . = ALIGN (0x4)

.fini_array     0x0000000008002d24        0x4
                0x0000000008002d24                . = ALIGN (0x4)
                [!provide]                        PROVIDE (__fini_array_start = .)
 *(SORT_BY_NAME(.fini_array.*))
 *(.fini_array*)
 .fini_array    0x0000000008002d24        0x4 /Applications/STM32CubeIDE.app/Contents/Eclipse/plugins/com.st.stm32cube.ide.mcu.externaltools.gnu-tools-for-stm32.11.3.rel1.macos64_1.1.1.202309131626/tools/bin/../lib/gcc/arm-none-eabi/11.3.1/thumb/v7e-m+fp/hard/crtbegin.o
                [!provide]                        PROVIDE (__fini_array_end = .)
                0x0000000008002d28                . = ALIGN (0x4)
                0x0000000008002d28                _sidata = LOADADDR (.data)

.data           0x0000000020000000        0xc load address 0x0000000008002d28
                0x0000000020000000                . = ALIGN (0x4)
                0x0000000020000000                _sdata = .
 *(.data)
 *(.data*)
 .data.SystemCoreClock
                0x0000000020000000        0x4 ./Core/Src/system_stm32l4xx.o
                0x0000000020000000                SystemCoreClock
 .data.uwTickPrio
                0x0000000020000004        0x4 ./Drivers/STM32L4xx_HAL_Driver/Src/stm32l4xx_hal.o
                0x0000000020000004                uwTickPrio
 .data.uwTickFreq
                0x0000000020000008        0x1 ./Drivers/STM32L4xx_HAL_Driver/Src/stm32l4xx_hal.o
                0x0000000020000008                uwTickFreq
 *(.RamFunc)
 *(.RamFunc*)
                0x000000002000000c                . = ALIGN (0x4)
 *fill*         0x0000000020000009        0x3 
                0x000000002000000c                _edata = .

.igot.plt       0x000000002000000c        0x0 load address 0x0000000008002d34
 .igot.plt      0x000000002000000c        0x0 /Applications/STM32CubeIDE.app/Contents/Eclipse/plugins/com.st.stm32cube.ide.mcu.externaltools.gnu-tools-for-stm32.11.3.rel1.macos64_1.1.1.202309131626/tools/bin/../lib/gcc/arm-none-eabi/11.3.1/thumb/v7e-m+fp/hard/crtbegin.o
                0x000000002000000c                . = ALIGN (0x4)

.bss            0x000000002000000c       0x34 load address 0x0000000008002d34
                0x000000002000000c                _sbss = .
                0x000000002000000c                __bss_start__ = _sbss
 *(.bss)
 .bss           0x000000002000000c       0x1c /Applications/STM32CubeIDE.app/Contents/Eclipse/plugins/com.st.stm32cube.ide.mcu.externaltools.gnu-tools-for-stm32.11.3.rel1.macos64_1.1.1.202309131626/tools/bin/../lib/gcc/arm-none-eabi/11.3.1/thumb/v7e-m+fp/hard/crtbegin.o
 *(.bss*)
 .bss.hdac1     0x0000000020000028       0x14 ./Core/Src/main.o
                0x0000000020000028                hdac1
 .bss.uwTick    0x000000002000003c        0x4 ./Drivers/STM32L4xx_HAL_Driver/Src/stm32l4xx_hal.o
                0x000000002000003c                uwTick
 *(COMMON)
                0x0000000020000040                . = ALIGN (0x4)
                0x0000000020000040                _ebss = .
                0x0000000020000040                __bss_end__ = _ebss

._user_heap_stack
                0x0000000020000040      0x600 load address 0x0000000008002d34
                0x0000000020000040                . = ALIGN (0x8)
                [!provide]                        PROVIDE (end = .)
                0x0000000020000040                PROVIDE (_end = .)
                0x0000000020000240                . = (. + _Min_Heap_Size)
 *fill*         0x0000000020000040      0x200 
                0x0000000020000640                . = (. + _Min_Stack_Size)
 *fill*         0x0000000020000240      0x400 
                0x0000000020000640                . = ALIGN (0x8)

/DISCARD/
 libc.a(*)
 libm.a(*)
 libgcc.a(*)

.ARM.attributes
                0x0000000000000000       0x30
 *(.ARM.attributes)
 .ARM.attributes
                0x0000000000000000       0x1e /Applications/STM32CubeIDE.app/Contents/Eclipse/plugins/com.st.stm32cube.ide.mcu.externaltools.gnu-tools-for-stm32.11.3.rel1.macos64_1.1.1.202309131626/tools/bin/../lib/gcc/arm-none-eabi/11.3.1/thumb/v7e-m+fp/hard/crti.o
 .ARM.attributes
                0x000000000000001e       0x34 /Applications/STM32CubeIDE.app/Contents/Eclipse/plugins/com.st.stm32cube.ide.mcu.externaltools.gnu-tools-for-stm32.11.3.rel1.macos64_1.1.1.202309131626/tools/bin/../lib/gcc/arm-none-eabi/11.3.1/thumb/v7e-m+fp/hard/crtbegin.o
 .ARM.attributes
                0x0000000000000052       0x34 ./Core/Src/main.o
 .ARM.attributes
                0x0000000000000086       0x34 ./Core/Src/stm32l4xx_hal_msp.o
 .ARM.attributes
                0x00000000000000ba       0x34 ./Core/Src/stm32l4xx_it.o
 .ARM.attributes
                0x00000000000000ee       0x34 ./Core/Src/system_stm32l4xx.o
 .ARM.attributes
                0x0000000000000122       0x21 ./Core/Startup/startup_stm32l4s5vitx.o
 .ARM.attributes
                0x0000000000000143       0x34 ./Drivers/STM32L4xx_HAL_Driver/Src/stm32l4xx_hal.o
 .ARM.attributes
                0x0000000000000177       0x34 ./Drivers/STM32L4xx_HAL_Driver/Src/stm32l4xx_hal_cortex.o
 .ARM.attributes
                0x00000000000001ab       0x34 ./Drivers/STM32L4xx_HAL_Driver/Src/stm32l4xx_hal_dac.o
 .ARM.attributes
                0x00000000000001df       0x34 ./Drivers/STM32L4xx_HAL_Driver/Src/stm32l4xx_hal_gpio.o
 .ARM.attributes
                0x0000000000000213       0x34 ./Drivers/STM32L4xx_HAL_Driver/Src/stm32l4xx_hal_pwr_ex.o
 .ARM.attributes
                0x0000000000000247       0x34 ./Drivers/STM32L4xx_HAL_Driver/Src/stm32l4xx_hal_rcc.o
 .ARM.attributes
                0x000000000000027b       0x34 ../Core/Lib/libarm_cortexM4lf_math.a(arm_sin_f32.o)
 .ARM.attributes
                0x00000000000002af       0x39 ../Core/Lib/libarm_cortexM4lf_math.a(arm_common_tables.o)
 .ARM.attributes
                0x00000000000002e8       0x34 /Applications/STM32CubeIDE.app/Contents/Eclipse/plugins/com.st.stm32cube.ide.mcu.externaltools.gnu-tools-for-stm32.11.3.rel1.macos64_1.1.1.202309131626/tools/bin/../lib/gcc/arm-none-eabi/11.3.1/../../../../arm-none-eabi/lib/thumb/v7e-m+fp/hard/libc_nano.a(libc_a-memset.o)
 .ARM.attributes
                0x000000000000031c       0x34 /Applications/STM32CubeIDE.app/Contents/Eclipse/plugins/com.st.stm32cube.ide.mcu.externaltools.gnu-tools-for-stm32.11.3.rel1.macos64_1.1.1.202309131626/tools/bin/../lib/gcc/arm-none-eabi/11.3.1/../../../../arm-none-eabi/lib/thumb/v7e-m+fp/hard/libc_nano.a(libc_a-init.o)
 .ARM.attributes
                0x0000000000000350       0x1e /Applications/STM32CubeIDE.app/Contents/Eclipse/plugins/com.st.stm32cube.ide.mcu.externaltools.gnu-tools-for-stm32.11.3.rel1.macos64_1.1.1.202309131626/tools/bin/../lib/gcc/arm-none-eabi/11.3.1/thumb/v7e-m+fp/hard/libgcc.a(_arm_addsubdf3.o)
 .ARM.attributes
                0x000000000000036e       0x1e /Applications/STM32CubeIDE.app/Contents/Eclipse/plugins/com.st.stm32cube.ide.mcu.externaltools.gnu-tools-for-stm32.11.3.rel1.macos64_1.1.1.202309131626/tools/bin/../lib/gcc/arm-none-eabi/11.3.1/thumb/v7e-m+fp/hard/libgcc.a(_arm_truncdfsf2.o)
 .ARM.attributes
                0x000000000000038c       0x1e /Applications/STM32CubeIDE.app/Contents/Eclipse/plugins/com.st.stm32cube.ide.mcu.externaltools.gnu-tools-for-stm32.11.3.rel1.macos64_1.1.1.202309131626/tools/bin/../lib/gcc/arm-none-eabi/11.3.1/thumb/v7e-m+fp/hard/crtn.o
OUTPUT(Lab 2.elf elf32-littlearm)
LOAD linker stubs
LOAD /Applications/STM32CubeIDE.app/Contents/Eclipse/plugins/com.st.stm32cube.ide.mcu.externaltools.gnu-tools-for-stm32.11.3.rel1.macos64_1.1.1.202309131626/tools/bin/../lib/gcc/arm-none-eabi/11.3.1/../../../../arm-none-eabi/lib/thumb/v7e-m+fp/hard/libc.a
LOAD /Applications/STM32CubeIDE.app/Contents/Eclipse/plugins/com.st.stm32cube.ide.mcu.externaltools.gnu-tools-for-stm32.11.3.rel1.macos64_1.1.1.202309131626/tools/bin/../lib/gcc/arm-none-eabi/11.3.1/../../../../arm-none-eabi/lib/thumb/v7e-m+fp/hard/libm.a
LOAD /Applications/STM32CubeIDE.app/Contents/Eclipse/plugins/com.st.stm32cube.ide.mcu.externaltools.gnu-tools-for-stm32.11.3.rel1.macos64_1.1.1.202309131626/tools/bin/../lib/gcc/arm-none-eabi/11.3.1/thumb/v7e-m+fp/hard/libgcc.a

.comment        0x0000000000000000       0xb8
 .comment       0x0000000000000000       0x43 /Applications/STM32CubeIDE.app/Contents/Eclipse/plugins/com.st.stm32cube.ide.mcu.externaltools.gnu-tools-for-stm32.11.3.rel1.macos64_1.1.1.202309131626/tools/bin/../lib/gcc/arm-none-eabi/11.3.1/thumb/v7e-m+fp/hard/crtbegin.o
                                         0x44 (size before relaxing)
 .comment       0x0000000000000043       0x44 ./Core/Src/main.o
 .comment       0x0000000000000043       0x44 ./Core/Src/stm32l4xx_hal_msp.o
 .comment       0x0000000000000043       0x44 ./Core/Src/stm32l4xx_it.o
 .comment       0x0000000000000043       0x44 ./Core/Src/system_stm32l4xx.o
 .comment       0x0000000000000043       0x44 ./Drivers/STM32L4xx_HAL_Driver/Src/stm32l4xx_hal.o
 .comment       0x0000000000000043       0x44 ./Drivers/STM32L4xx_HAL_Driver/Src/stm32l4xx_hal_cortex.o
 .comment       0x0000000000000043       0x44 ./Drivers/STM32L4xx_HAL_Driver/Src/stm32l4xx_hal_dac.o
 .comment       0x0000000000000043       0x44 ./Drivers/STM32L4xx_HAL_Driver/Src/stm32l4xx_hal_gpio.o
 .comment       0x0000000000000043       0x44 ./Drivers/STM32L4xx_HAL_Driver/Src/stm32l4xx_hal_pwr_ex.o
 .comment       0x0000000000000043       0x44 ./Drivers/STM32L4xx_HAL_Driver/Src/stm32l4xx_hal_rcc.o
 .comment       0x0000000000000043       0x75 ../Core/Lib/libarm_cortexM4lf_math.a(arm_sin_f32.o)
                                         0x76 (size before relaxing)
 .comment       0x00000000000000b8       0x76 ../Core/Lib/libarm_cortexM4lf_math.a(arm_common_tables.o)

.debug_info     0x0000000000000000     0x9321
 .debug_info    0x0000000000000000      0xe60 ./Core/Src/main.o
 .debug_info    0x0000000000000e60      0x9d7 ./Core/Src/stm32l4xx_hal_msp.o
 .debug_info    0x0000000000001837      0x113 ./Core/Src/stm32l4xx_it.o
 .debug_info    0x000000000000194a      0x5e9 ./Core/Src/system_stm32l4xx.o
 .debug_info    0x0000000000001f33       0x23 ./Core/Startup/startup_stm32l4s5vitx.o
 .debug_info    0x0000000000001f56      0xb4f ./Drivers/STM32L4xx_HAL_Driver/Src/stm32l4xx_hal.o
 .debug_info    0x0000000000002aa5      0xd6a ./Drivers/STM32L4xx_HAL_Driver/Src/stm32l4xx_hal_cortex.o
 .debug_info    0x000000000000380f      0xbb9 ./Drivers/STM32L4xx_HAL_Driver/Src/stm32l4xx_hal_dac.o
 .debug_info    0x00000000000043c8      0x787 ./Drivers/STM32L4xx_HAL_Driver/Src/stm32l4xx_hal_gpio.o
 .debug_info    0x0000000000004b4f      0xa0a ./Drivers/STM32L4xx_HAL_Driver/Src/stm32l4xx_hal_pwr_ex.o
 .debug_info    0x0000000000005559      0xd32 ./Drivers/STM32L4xx_HAL_Driver/Src/stm32l4xx_hal_rcc.o
 .debug_info    0x000000000000628b     0x1612 ../Core/Lib/libarm_cortexM4lf_math.a(arm_sin_f32.o)
 .debug_info    0x000000000000789d     0x1a84 ../Core/Lib/libarm_cortexM4lf_math.a(arm_common_tables.o)

.debug_abbrev   0x0000000000000000     0x17e2
 .debug_abbrev  0x0000000000000000      0x24e ./Core/Src/main.o
 .debug_abbrev  0x000000000000024e      0x1a1 ./Core/Src/stm32l4xx_hal_msp.o
 .debug_abbrev  0x00000000000003ef       0x73 ./Core/Src/stm32l4xx_it.o
 .debug_abbrev  0x0000000000000462      0x11a ./Core/Src/system_stm32l4xx.o
 .debug_abbrev  0x000000000000057c       0x12 ./Core/Startup/startup_stm32l4s5vitx.o
 .debug_abbrev  0x000000000000058e      0x242 ./Drivers/STM32L4xx_HAL_Driver/Src/stm32l4xx_hal.o
 .debug_abbrev  0x00000000000007d0      0x327 ./Drivers/STM32L4xx_HAL_Driver/Src/stm32l4xx_hal_cortex.o
 .debug_abbrev  0x0000000000000af7      0x218 ./Drivers/STM32L4xx_HAL_Driver/Src/stm32l4xx_hal_dac.o
 .debug_abbrev  0x0000000000000d0f      0x1cb ./Drivers/STM32L4xx_HAL_Driver/Src/stm32l4xx_hal_gpio.o
 .debug_abbrev  0x0000000000000eda      0x1f9 ./Drivers/STM32L4xx_HAL_Driver/Src/stm32l4xx_hal_pwr_ex.o
 .debug_abbrev  0x00000000000010d3      0x306 ./Drivers/STM32L4xx_HAL_Driver/Src/stm32l4xx_hal_rcc.o
 .debug_abbrev  0x00000000000013d9      0x22c ../Core/Lib/libarm_cortexM4lf_math.a(arm_sin_f32.o)
 .debug_abbrev  0x0000000000001605      0x1dd ../Core/Lib/libarm_cortexM4lf_math.a(arm_common_tables.o)

.debug_aranges  0x0000000000000000      0x6c0
 .debug_aranges
                0x0000000000000000       0x40 ./Core/Src/main.o
 .debug_aranges
                0x0000000000000040       0x30 ./Core/Src/stm32l4xx_hal_msp.o
 .debug_aranges
                0x0000000000000070       0x60 ./Core/Src/stm32l4xx_it.o
 .debug_aranges
                0x00000000000000d0       0x28 ./Core/Src/system_stm32l4xx.o
 .debug_aranges
                0x00000000000000f8       0x28 ./Core/Startup/startup_stm32l4s5vitx.o
 .debug_aranges
                0x0000000000000120      0x130 ./Drivers/STM32L4xx_HAL_Driver/Src/stm32l4xx_hal.o
 .debug_aranges
                0x0000000000000250      0x118 ./Drivers/STM32L4xx_HAL_Driver/Src/stm32l4xx_hal_cortex.o
 .debug_aranges
                0x0000000000000368       0xc0 ./Drivers/STM32L4xx_HAL_Driver/Src/stm32l4xx_hal_dac.o
 .debug_aranges
                0x0000000000000428       0x58 ./Drivers/STM32L4xx_HAL_Driver/Src/stm32l4xx_hal_gpio.o
 .debug_aranges
                0x0000000000000480      0x170 ./Drivers/STM32L4xx_HAL_Driver/Src/stm32l4xx_hal_pwr_ex.o
 .debug_aranges
                0x00000000000005f0       0x98 ./Drivers/STM32L4xx_HAL_Driver/Src/stm32l4xx_hal_rcc.o
 .debug_aranges
                0x0000000000000688       0x20 ../Core/Lib/libarm_cortexM4lf_math.a(arm_sin_f32.o)
 .debug_aranges
                0x00000000000006a8       0x18 ../Core/Lib/libarm_cortexM4lf_math.a(arm_common_tables.o)

.debug_rnglists
                0x0000000000000000      0x4c9
 .debug_rnglists
                0x0000000000000000       0x2f ./Core/Src/main.o
 .debug_rnglists
                0x000000000000002f       0x1f ./Core/Src/stm32l4xx_hal_msp.o
 .debug_rnglists
                0x000000000000004e       0x43 ./Core/Src/stm32l4xx_it.o
 .debug_rnglists
                0x0000000000000091       0x1a ./Core/Src/system_stm32l4xx.o
 .debug_rnglists
                0x00000000000000ab       0x19 ./Core/Startup/startup_stm32l4s5vitx.o
 .debug_rnglists
                0x00000000000000c4       0xdf ./Drivers/STM32L4xx_HAL_Driver/Src/stm32l4xx_hal.o
 .debug_rnglists
                0x00000000000001a3       0xce ./Drivers/STM32L4xx_HAL_Driver/Src/stm32l4xx_hal_cortex.o
 .debug_rnglists
                0x0000000000000271       0x90 ./Drivers/STM32L4xx_HAL_Driver/Src/stm32l4xx_hal_dac.o
 .debug_rnglists
                0x0000000000000301       0x3f ./Drivers/STM32L4xx_HAL_Driver/Src/stm32l4xx_hal_gpio.o
 .debug_rnglists
                0x0000000000000340      0x115 ./Drivers/STM32L4xx_HAL_Driver/Src/stm32l4xx_hal_pwr_ex.o
 .debug_rnglists
                0x0000000000000455       0x74 ./Drivers/STM32L4xx_HAL_Driver/Src/stm32l4xx_hal_rcc.o

.debug_macro    0x0000000000000000    0x29198
 .debug_macro   0x0000000000000000      0x2d7 ./Core/Src/main.o
 .debug_macro   0x00000000000002d7      0xaa8 ./Core/Src/main.o
 .debug_macro   0x0000000000000d7f      0x1a1 ./Core/Src/main.o
 .debug_macro   0x0000000000000f20       0x2e ./Core/Src/main.o
 .debug_macro   0x0000000000000f4e       0x28 ./Core/Src/main.o
 .debug_macro   0x0000000000000f76       0x22 ./Core/Src/main.o
 .debug_macro   0x0000000000000f98       0x8e ./Core/Src/main.o
 .debug_macro   0x0000000000001026       0x51 ./Core/Src/main.o
 .debug_macro   0x0000000000001077      0x103 ./Core/Src/main.o
 .debug_macro   0x000000000000117a       0x6a ./Core/Src/main.o
 .debug_macro   0x00000000000011e4      0x1df ./Core/Src/main.o
 .debug_macro   0x00000000000013c3       0x1c ./Core/Src/main.o
 .debug_macro   0x00000000000013df       0x22 ./Core/Src/main.o
 .debug_macro   0x0000000000001401       0xfb ./Core/Src/main.o
 .debug_macro   0x00000000000014fc     0x1011 ./Core/Src/main.o
 .debug_macro   0x000000000000250d      0x11f ./Core/Src/main.o
 .debug_macro   0x000000000000262c    0x1d292 ./Core/Src/main.o
 .debug_macro   0x000000000001f8be       0x6d ./Core/Src/main.o
 .debug_macro   0x000000000001f92b     0x38ed ./Core/Src/main.o
 .debug_macro   0x0000000000023218      0x174 ./Core/Src/main.o
 .debug_macro   0x000000000002338c       0x5c ./Core/Src/main.o
 .debug_macro   0x00000000000233e8     0x1910 ./Core/Src/main.o
 .debug_macro   0x0000000000024cf8      0x7dc ./Core/Src/main.o
 .debug_macro   0x00000000000254d4      0x1b9 ./Core/Src/main.o
 .debug_macro   0x000000000002568d      0x225 ./Core/Src/main.o
 .debug_macro   0x00000000000258b2      0x486 ./Core/Src/main.o
 .debug_macro   0x0000000000025d38      0x1ce ./Core/Src/main.o
 .debug_macro   0x0000000000025f06       0x43 ./Core/Src/main.o
 .debug_macro   0x0000000000025f49      0x23d ./Core/Src/main.o
 .debug_macro   0x0000000000026186      0x184 ./Core/Src/main.o
 .debug_macro   0x000000000002630a       0xdf ./Core/Src/main.o
 .debug_macro   0x00000000000263e9      0x241 ./Core/Src/main.o
 .debug_macro   0x000000000002662a      0x416 ./Core/Src/main.o
 .debug_macro   0x0000000000026a40       0x1c ./Core/Src/main.o
 .debug_macro   0x0000000000026a5c       0xf2 ./Core/Src/main.o
 .debug_macro   0x0000000000026b4e      0x122 ./Core/Src/main.o
 .debug_macro   0x0000000000026c70      0x3f6 ./Core/Src/main.o
 .debug_macro   0x0000000000027066      0x432 ./Core/Src/main.o
 .debug_macro   0x0000000000027498       0x34 ./Core/Src/main.o
 .debug_macro   0x00000000000274cc       0x61 ./Core/Src/main.o
 .debug_macro   0x000000000002752d       0x2a ./Core/Src/main.o
 .debug_macro   0x0000000000027557       0x43 ./Core/Src/main.o
 .debug_macro   0x000000000002759a       0x34 ./Core/Src/main.o
 .debug_macro   0x00000000000275ce       0x16 ./Core/Src/main.o
 .debug_macro   0x00000000000275e4       0x43 ./Core/Src/main.o
 .debug_macro   0x0000000000027627       0x34 ./Core/Src/main.o
 .debug_macro   0x000000000002765b       0x10 ./Core/Src/main.o
 .debug_macro   0x000000000002766b       0x58 ./Core/Src/main.o
 .debug_macro   0x00000000000276c3       0x8e ./Core/Src/main.o
 .debug_macro   0x0000000000027751       0x1c ./Core/Src/main.o
 .debug_macro   0x000000000002776d      0x177 ./Core/Src/main.o
 .debug_macro   0x00000000000278e4      0x369 ./Core/Src/main.o
 .debug_macro   0x0000000000027c4d       0x10 ./Core/Src/main.o
 .debug_macro   0x0000000000027c5d       0x35 ./Core/Src/main.o
 .debug_macro   0x0000000000027c92       0x20 ./Core/Src/main.o
 .debug_macro   0x0000000000027cb2      0x19b ./Core/Src/main.o
 .debug_macro   0x0000000000027e4d      0x201 ./Core/Src/main.o
 .debug_macro   0x000000000002804e       0xc8 ./Core/Src/main.o
 .debug_macro   0x0000000000028116      0x1c9 ./Core/Src/stm32l4xx_hal_msp.o
 .debug_macro   0x00000000000282df      0x1d3 ./Core/Src/stm32l4xx_it.o
 .debug_macro   0x00000000000284b2      0x1ba ./Core/Src/system_stm32l4xx.o
 .debug_macro   0x000000000002866c      0x208 ./Drivers/STM32L4xx_HAL_Driver/Src/stm32l4xx_hal.o
 .debug_macro   0x0000000000028874      0x1ba ./Drivers/STM32L4xx_HAL_Driver/Src/stm32l4xx_hal_cortex.o
 .debug_macro   0x0000000000028a2e      0x1c9 ./Drivers/STM32L4xx_HAL_Driver/Src/stm32l4xx_hal_dac.o
 .debug_macro   0x0000000000028bf7      0x1c1 ./Drivers/STM32L4xx_HAL_Driver/Src/stm32l4xx_hal_gpio.o
 .debug_macro   0x0000000000028db8      0x1e4 ./Drivers/STM32L4xx_HAL_Driver/Src/stm32l4xx_hal_pwr_ex.o
 .debug_macro   0x0000000000028f9c      0x1fc ./Drivers/STM32L4xx_HAL_Driver/Src/stm32l4xx_hal_rcc.o

.debug_line     0x0000000000000000     0x700b
 .debug_line    0x0000000000000000      0x999 ./Core/Src/main.o
 .debug_line    0x0000000000000999      0x70b ./Core/Src/stm32l4xx_hal_msp.o
 .debug_line    0x00000000000010a4      0x786 ./Core/Src/stm32l4xx_it.o
 .debug_line    0x000000000000182a      0x75b ./Core/Src/system_stm32l4xx.o
 .debug_line    0x0000000000001f85       0x7a ./Core/Startup/startup_stm32l4s5vitx.o
 .debug_line    0x0000000000001fff      0xab3 ./Drivers/STM32L4xx_HAL_Driver/Src/stm32l4xx_hal.o
 .debug_line    0x0000000000002ab2      0xc5a ./Drivers/STM32L4xx_HAL_Driver/Src/stm32l4xx_hal_cortex.o
 .debug_line    0x000000000000370c      0xbb9 ./Drivers/STM32L4xx_HAL_Driver/Src/stm32l4xx_hal_dac.o
 .debug_line    0x00000000000042c5      0xb0f ./Drivers/STM32L4xx_HAL_Driver/Src/stm32l4xx_hal_gpio.o
 .debug_line    0x0000000000004dd4      0xd20 ./Drivers/STM32L4xx_HAL_Driver/Src/stm32l4xx_hal_pwr_ex.o
 .debug_line    0x0000000000005af4     0x1004 ./Drivers/STM32L4xx_HAL_Driver/Src/stm32l4xx_hal_rcc.o
 .debug_line    0x0000000000006af8      0x2d0 ../Core/Lib/libarm_cortexM4lf_math.a(arm_sin_f32.o)
 .debug_line    0x0000000000006dc8      0x243 ../Core/Lib/libarm_cortexM4lf_math.a(arm_common_tables.o)

.debug_str      0x0000000000000000    0xfbc8e
 .debug_str     0x0000000000000000    0xf9332 ./Core/Src/main.o
                                      0xf96e5 (size before relaxing)
 .debug_str     0x00000000000f9332       0x63 ./Core/Src/stm32l4xx_hal_msp.o
                                      0xf4dd4 (size before relaxing)
 .debug_str     0x00000000000f9395       0xc9 ./Core/Src/stm32l4xx_it.o
                                      0xf4836 (size before relaxing)
 .debug_str     0x00000000000f945e       0xfc ./Core/Src/system_stm32l4xx.o
                                      0xf492b (size before relaxing)
 .debug_str     0x00000000000f955a       0x34 ./Core/Startup/startup_stm32l4s5vitx.o
                                         0x62 (size before relaxing)
 .debug_str     0x00000000000f958e      0xab1 ./Drivers/STM32L4xx_HAL_Driver/Src/stm32l4xx_hal.o
                                      0xf5509 (size before relaxing)
 .debug_str     0x00000000000fa03f      0x344 ./Drivers/STM32L4xx_HAL_Driver/Src/stm32l4xx_hal_cortex.o
                                      0xf5198 (size before relaxing)
 .debug_str     0x00000000000fa383      0x266 ./Drivers/STM32L4xx_HAL_Driver/Src/stm32l4xx_hal_dac.o
                                      0xf4f02 (size before relaxing)
 .debug_str     0x00000000000fa5e9      0x117 ./Drivers/STM32L4xx_HAL_Driver/Src/stm32l4xx_hal_gpio.o
                                      0xf4aa5 (size before relaxing)
 .debug_str     0x00000000000fa700      0x57a ./Drivers/STM32L4xx_HAL_Driver/Src/stm32l4xx_hal_pwr_ex.o
                                      0xf4efe (size before relaxing)
 .debug_str     0x00000000000fac7a      0x3be ./Drivers/STM32L4xx_HAL_Driver/Src/stm32l4xx_hal_rcc.o
                                      0xf4f9e (size before relaxing)
 .debug_str     0x00000000000fb038      0xc28 ../Core/Lib/libarm_cortexM4lf_math.a(arm_sin_f32.o)
                                        0xd42 (size before relaxing)
 .debug_str     0x00000000000fbc60       0x2e ../Core/Lib/libarm_cortexM4lf_math.a(arm_common_tables.o)
                                        0xd1d (size before relaxing)

.debug_frame    0x0000000000000000     0x198c
 .debug_frame   0x0000000000000000       0xb4 ./Core/Src/main.o
 .debug_frame   0x00000000000000b4       0x80 ./Core/Src/stm32l4xx_hal_msp.o
 .debug_frame   0x0000000000000134      0x104 ./Core/Src/stm32l4xx_it.o
 .debug_frame   0x0000000000000238       0x58 ./Core/Src/system_stm32l4xx.o
 .debug_frame   0x0000000000000290      0x498 ./Drivers/STM32L4xx_HAL_Driver/Src/stm32l4xx_hal.o
 .debug_frame   0x0000000000000728      0x498 ./Drivers/STM32L4xx_HAL_Driver/Src/stm32l4xx_hal_cortex.o
 .debug_frame   0x0000000000000bc0      0x338 ./Drivers/STM32L4xx_HAL_Driver/Src/stm32l4xx_hal_dac.o
 .debug_frame   0x0000000000000ef8      0x14c ./Drivers/STM32L4xx_HAL_Driver/Src/stm32l4xx_hal_gpio.o
 .debug_frame   0x0000000000001044      0x5c4 ./Drivers/STM32L4xx_HAL_Driver/Src/stm32l4xx_hal_pwr_ex.o
 .debug_frame   0x0000000000001608      0x248 ./Drivers/STM32L4xx_HAL_Driver/Src/stm32l4xx_hal_rcc.o
 .debug_frame   0x0000000000001850       0x20 ../Core/Lib/libarm_cortexM4lf_math.a(arm_sin_f32.o)
 .debug_frame   0x0000000000001870       0x20 /Applications/STM32CubeIDE.app/Contents/Eclipse/plugins/com.st.stm32cube.ide.mcu.externaltools.gnu-tools-for-stm32.11.3.rel1.macos64_1.1.1.202309131626/tools/bin/../lib/gcc/arm-none-eabi/11.3.1/../../../../arm-none-eabi/lib/thumb/v7e-m+fp/hard/libc_nano.a(libc_a-memset.o)
 .debug_frame   0x0000000000001890       0x2c /Applications/STM32CubeIDE.app/Contents/Eclipse/plugins/com.st.stm32cube.ide.mcu.externaltools.gnu-tools-for-stm32.11.3.rel1.macos64_1.1.1.202309131626/tools/bin/../lib/gcc/arm-none-eabi/11.3.1/../../../../arm-none-eabi/lib/thumb/v7e-m+fp/hard/libc_nano.a(libc_a-init.o)
 .debug_frame   0x00000000000018bc       0xac /Applications/STM32CubeIDE.app/Contents/Eclipse/plugins/com.st.stm32cube.ide.mcu.externaltools.gnu-tools-for-stm32.11.3.rel1.macos64_1.1.1.202309131626/tools/bin/../lib/gcc/arm-none-eabi/11.3.1/thumb/v7e-m+fp/hard/libgcc.a(_arm_addsubdf3.o)
 .debug_frame   0x0000000000001968       0x24 /Applications/STM32CubeIDE.app/Contents/Eclipse/plugins/com.st.stm32cube.ide.mcu.externaltools.gnu-tools-for-stm32.11.3.rel1.macos64_1.1.1.202309131626/tools/bin/../lib/gcc/arm-none-eabi/11.3.1/thumb/v7e-m+fp/hard/libgcc.a(_arm_truncdfsf2.o)

.debug_line_str
                0x0000000000000000       0x56
 .debug_line_str
                0x0000000000000000       0x56 ./Core/Startup/startup_stm32l4s5vitx.o
                                         0x6e (size before relaxing)

.debug_loc      0x0000000000000000       0xfa
 .debug_loc     0x0000000000000000       0xfa ../Core/Lib/libarm_cortexM4lf_math.a(arm_sin_f32.o)

.debug_ranges   0x0000000000000000       0x10
 .debug_ranges  0x0000000000000000       0x10 ../Core/Lib/libarm_cortexM4lf_math.a(arm_sin_f32.o)
