Archive member included to satisfy reference by file (symbol)

../Core/Lib/libarm_cortexM4lf_math.a(arm_max_f32.o)
                              ./Core/Src/main.o (arm_max_f32)
../Core/Lib/libarm_cortexM4lf_math.a(arm_sin_f32.o)
                              ./Core/Src/asmtranscendental.o (arm_sin_f32)
../Core/Lib/libarm_cortexM4lf_math.a(arm_cos_f32.o)
                              ./Core/Src/asmtranscendental.o (arm_cos_f32)
../Core/Lib/libarm_cortexM4lf_math.a(arm_common_tables.o)
                              ../Core/Lib/libarm_cortexM4lf_math.a(arm_sin_f32.o) (sinTable_f32)
/Applications/STM32CubeIDE.app/Contents/Eclipse/plugins/com.st.stm32cube.ide.mcu.externaltools.gnu-tools-for-stm32.11.3.rel1.macos64_1.1.0.202305231506/tools/bin/../lib/gcc/arm-none-eabi/11.3.1/../../../../arm-none-eabi/lib/thumb/v7e-m+fp/hard/libc_nano.a(libc_a-exit.o)
                              /Applications/STM32CubeIDE.app/Contents/Eclipse/plugins/com.st.stm32cube.ide.mcu.externaltools.gnu-tools-for-stm32.11.3.rel1.macos64_1.1.0.202305231506/tools/bin/../lib/gcc/arm-none-eabi/11.3.1/../../../../arm-none-eabi/lib/thumb/v7e-m+fp/hard/crt0.o (exit)
/Applications/STM32CubeIDE.app/Contents/Eclipse/plugins/com.st.stm32cube.ide.mcu.externaltools.gnu-tools-for-stm32.11.3.rel1.macos64_1.1.0.202305231506/tools/bin/../lib/gcc/arm-none-eabi/11.3.1/../../../../arm-none-eabi/lib/thumb/v7e-m+fp/hard/libc_nano.a(libc_a-findfp.o)
                              /Applications/STM32CubeIDE.app/Contents/Eclipse/plugins/com.st.stm32cube.ide.mcu.externaltools.gnu-tools-for-stm32.11.3.rel1.macos64_1.1.0.202305231506/tools/bin/../lib/gcc/arm-none-eabi/11.3.1/../../../../arm-none-eabi/lib/thumb/v7e-m+fp/hard/libc_nano.a(libc_a-exit.o) (__stdio_exit_handler)
/Applications/STM32CubeIDE.app/Contents/Eclipse/plugins/com.st.stm32cube.ide.mcu.externaltools.gnu-tools-for-stm32.11.3.rel1.macos64_1.1.0.202305231506/tools/bin/../lib/gcc/arm-none-eabi/11.3.1/../../../../arm-none-eabi/lib/thumb/v7e-m+fp/hard/libc_nano.a(libc_a-fwalk.o)
                              /Applications/STM32CubeIDE.app/Contents/Eclipse/plugins/com.st.stm32cube.ide.mcu.externaltools.gnu-tools-for-stm32.11.3.rel1.macos64_1.1.0.202305231506/tools/bin/../lib/gcc/arm-none-eabi/11.3.1/../../../../arm-none-eabi/lib/thumb/v7e-m+fp/hard/libc_nano.a(libc_a-findfp.o) (_fwalk_sglue)
/Applications/STM32CubeIDE.app/Contents/Eclipse/plugins/com.st.stm32cube.ide.mcu.externaltools.gnu-tools-for-stm32.11.3.rel1.macos64_1.1.0.202305231506/tools/bin/../lib/gcc/arm-none-eabi/11.3.1/../../../../arm-none-eabi/lib/thumb/v7e-m+fp/hard/libc_nano.a(libc_a-memset.o)
                              /Applications/STM32CubeIDE.app/Contents/Eclipse/plugins/com.st.stm32cube.ide.mcu.externaltools.gnu-tools-for-stm32.11.3.rel1.macos64_1.1.0.202305231506/tools/bin/../lib/gcc/arm-none-eabi/11.3.1/../../../../arm-none-eabi/lib/thumb/v7e-m+fp/hard/crt0.o (memset)
/Applications/STM32CubeIDE.app/Contents/Eclipse/plugins/com.st.stm32cube.ide.mcu.externaltools.gnu-tools-for-stm32.11.3.rel1.macos64_1.1.0.202305231506/tools/bin/../lib/gcc/arm-none-eabi/11.3.1/../../../../arm-none-eabi/lib/thumb/v7e-m+fp/hard/libc_nano.a(libc_a-impure.o)
                              /Applications/STM32CubeIDE.app/Contents/Eclipse/plugins/com.st.stm32cube.ide.mcu.externaltools.gnu-tools-for-stm32.11.3.rel1.macos64_1.1.0.202305231506/tools/bin/../lib/gcc/arm-none-eabi/11.3.1/../../../../arm-none-eabi/lib/thumb/v7e-m+fp/hard/libc_nano.a(libc_a-findfp.o) (_impure_data)
/Applications/STM32CubeIDE.app/Contents/Eclipse/plugins/com.st.stm32cube.ide.mcu.externaltools.gnu-tools-for-stm32.11.3.rel1.macos64_1.1.0.202305231506/tools/bin/../lib/gcc/arm-none-eabi/11.3.1/../../../../arm-none-eabi/lib/thumb/v7e-m+fp/hard/libc_nano.a(libc_a-errno.o)
                              ./Core/Src/syscalls.o (__errno)
/Applications/STM32CubeIDE.app/Contents/Eclipse/plugins/com.st.stm32cube.ide.mcu.externaltools.gnu-tools-for-stm32.11.3.rel1.macos64_1.1.0.202305231506/tools/bin/../lib/gcc/arm-none-eabi/11.3.1/../../../../arm-none-eabi/lib/thumb/v7e-m+fp/hard/libc_nano.a(libc_a-init.o)
                              /Applications/STM32CubeIDE.app/Contents/Eclipse/plugins/com.st.stm32cube.ide.mcu.externaltools.gnu-tools-for-stm32.11.3.rel1.macos64_1.1.0.202305231506/tools/bin/../lib/gcc/arm-none-eabi/11.3.1/../../../../arm-none-eabi/lib/thumb/v7e-m+fp/hard/crt0.o (__libc_init_array)
/Applications/STM32CubeIDE.app/Contents/Eclipse/plugins/com.st.stm32cube.ide.mcu.externaltools.gnu-tools-for-stm32.11.3.rel1.macos64_1.1.0.202305231506/tools/bin/../lib/gcc/arm-none-eabi/11.3.1/../../../../arm-none-eabi/lib/thumb/v7e-m+fp/hard/libc_nano.a(libc_a-lock.o)
                              /Applications/STM32CubeIDE.app/Contents/Eclipse/plugins/com.st.stm32cube.ide.mcu.externaltools.gnu-tools-for-stm32.11.3.rel1.macos64_1.1.0.202305231506/tools/bin/../lib/gcc/arm-none-eabi/11.3.1/../../../../arm-none-eabi/lib/thumb/v7e-m+fp/hard/libc_nano.a(libc_a-findfp.o) (__retarget_lock_init_recursive)
[...]
Memory Configuration

Name             Origin             Length             Attributes
RAM              0x0000000020000000 0x00000000000a0000 xrw
RAM2             0x0000000010000000 0x0000000000010000 xrw
RAM3             0x0000000020040000 0x0000000000060000 xrw
FLASH            0x0000000008000000 0x0000000000200000 xr
*default*        0x0000000000000000 0xffffffffffffffff

Linker script and memory map

LOAD /Applications/STM32CubeIDE.app/Contents/Eclipse/plugins/com.st.stm32cube.ide.mcu.externaltools.gnu-tools-for-stm32.11.3.rel1.macos64_1.1.0.202305231506/tools/bin/../lib/gcc/arm-none-eabi/11.3.1/thumb/v7e-m+fp/hard/crti.o
LOAD /Applications/STM32CubeIDE.app/Contents/Eclipse/plugins/com.st.stm32cube.ide.mcu.externaltools.gnu-tools-for-stm32.11.3.rel1.macos64_1.1.0.202305231506/tools/bin/../lib/gcc/arm-none-eabi/11.3.1/thumb/v7e-m+fp/hard/crtbegin.o
LOAD /Applications/STM32CubeIDE.app/Contents/Eclipse/plugins/com.st.stm32cube.ide.mcu.externaltools.gnu-tools-for-stm32.11.3.rel1.macos64_1.1.0.202305231506/tools/bin/../lib/gcc/arm-none-eabi/11.3.1/../../../../arm-none-eabi/lib/thumb/v7e-m+fp/hard/crt0.o
LOAD ./Core/Src/asmmax.o
LOAD ./Core/Src/asmsqrt.o
LOAD ./Core/Src/asmtranscendental.o
LOAD ./Core/Src/cmax.o
LOAD ./Core/Src/csqrt.o
LOAD ./Core/Src/ctranscendental.o
LOAD ./Core/Src/main.o
LOAD ./Core/Src/stm32l4xx_hal_msp.o
LOAD ./Core/Src/stm32l4xx_it.o
LOAD ./Core/Src/syscalls.o
LOAD ./Core/Src/sysmem.o
LOAD ./Core/Src/system_stm32l4xx.o
LOAD ./Core/Startup/startup_stm32l4s5vitx.o
LOAD ./Drivers/STM32L4xx_HAL_Driver/Src/stm32l4xx_hal.o
LOAD ./Drivers/STM32L4xx_HAL_Driver/Src/stm32l4xx_hal_cortex.o
LOAD ./Drivers/STM32L4xx_HAL_Driver/Src/stm32l4xx_hal_dma.o
LOAD ./Drivers/STM32L4xx_HAL_Driver/Src/stm32l4xx_hal_dma_ex.o
LOAD ./Drivers/STM32L4xx_HAL_Driver/Src/stm32l4xx_hal_exti.o
LOAD ./Drivers/STM32L4xx_HAL_Driver/Src/stm32l4xx_hal_flash.o
LOAD ./Drivers/STM32L4xx_HAL_Driver/Src/stm32l4xx_hal_flash_ex.o
LOAD ./Drivers/STM32L4xx_HAL_Driver/Src/stm32l4xx_hal_flash_ramfunc.o
LOAD ./Drivers/STM32L4xx_HAL_Driver/Src/stm32l4xx_hal_gpio.o
LOAD ./Drivers/STM32L4xx_HAL_Driver/Src/stm32l4xx_hal_pwr.o
LOAD ./Drivers/STM32L4xx_HAL_Driver/Src/stm32l4xx_hal_pwr_ex.o
LOAD ./Drivers/STM32L4xx_HAL_Driver/Src/stm32l4xx_hal_rcc.o
LOAD ./Drivers/STM32L4xx_HAL_Driver/Src/stm32l4xx_hal_rcc_ex.o
LOAD ./Drivers/STM32L4xx_HAL_Driver/Src/stm32l4xx_hal_tim.o
LOAD ./Drivers/STM32L4xx_HAL_Driver/Src/stm32l4xx_hal_tim_ex.o
LOAD ../Core/Lib/libarm_cortexM4lf_math.a
START GROUP
LOAD /Applications/STM32CubeIDE.app/Contents/Eclipse/plugins/com.st.stm32cube.ide.mcu.externaltools.gnu-tools-for-stm32.11.3.rel1.macos64_1.1.0.202305231506/tools/bin/../lib/gcc/arm-none-eabi/11.3.1/../../../../arm-none-eabi/lib/thumb/v7e-m+fp/hard/libc_nano.a
LOAD /Applications/STM32CubeIDE.app/Contents/Eclipse/plugins/com.st.stm32cube.ide.mcu.externaltools.gnu-tools-for-stm32.11.3.rel1.macos64_1.1.0.202305231506/tools/bin/../lib/gcc/arm-none-eabi/11.3.1/../../../../arm-none-eabi/lib/thumb/v7e-m+fp/hard/libm.a
END GROUP
START GROUP
LOAD /Applications/STM32CubeIDE.app/Contents/Eclipse/plugins/com.st.stm32cube.ide.mcu.externaltools.gnu-tools-for-stm32.11.3.rel1.macos64_1.1.0.202305231506/tools/bin/../lib/gcc/arm-none-eabi/11.3.1/thumb/v7e-m+fp/hard/libgcc.a
LOAD /Applications/STM32CubeIDE.app/Contents/Eclipse/plugins/com.st.stm32cube.ide.mcu.externaltools.gnu-tools-for-stm32.11.3.rel1.macos64_1.1.0.202305231506/tools/bin/../lib/gcc/arm-none-eabi/11.3.1/../../../../arm-none-eabi/lib/thumb/v7e-m+fp/hard/libc_nano.a
END GROUP
START GROUP
LOAD /Applications/STM32CubeIDE.app/Contents/Eclipse/plugins/com.st.stm32cube.ide.mcu.externaltools.gnu-tools-for-stm32.11.3.rel1.macos64_1.1.0.202305231506/tools/bin/../lib/gcc/arm-none-eabi/11.3.1/thumb/v7e-m+fp/hard/libgcc.a
LOAD /Applications/STM32CubeIDE.app/Contents/Eclipse/plugins/com.st.stm32cube.ide.mcu.externaltools.gnu-tools-for-stm32.11.3.rel1.macos64_1.1.0.202305231506/tools/bin/../lib/gcc/arm-none-eabi/11.3.1/../../../../arm-none-eabi/lib/thumb/v7e-m+fp/hard/libc_nano.a
LOAD /Applications/STM32CubeIDE.app/Contents/Eclipse/plugins/com.st.stm32cube.ide.mcu.externaltools.gnu-tools-for-stm32.11.3.rel1.macos64_1.1.0.202305231506/tools/bin/../lib/gcc/arm-none-eabi/11.3.1/../../../../arm-none-eabi/lib/thumb/v7e-m+fp/hard/libnosys.a
END GROUP
START GROUP
LOAD /Applications/STM32CubeIDE.app/Contents/Eclipse/plugins/com.st.stm32cube.ide.mcu.externaltools.gnu-tools-for-stm32.11.3.rel1.macos64_1.1.0.202305231506/tools/bin/../lib/gcc/arm-none-eabi/11.3.1/thumb/v7e-m+fp/hard/libgcc.a
LOAD /Applications/STM32CubeIDE.app/Contents/Eclipse/plugins/com.st.stm32cube.ide.mcu.externaltools.gnu-tools-for-stm32.11.3.rel1.macos64_1.1.0.202305231506/tools/bin/../lib/gcc/arm-none-eabi/11.3.1/../../../../arm-none-eabi/lib/thumb/v7e-m+fp/hard/libc_nano.a
LOAD /Applications/STM32CubeIDE.app/Contents/Eclipse/plugins/com.st.stm32cube.ide.mcu.externaltools.gnu-tools-for-stm32.11.3.rel1.macos64_1.1.0.202305231506/tools/bin/../lib/gcc/arm-none-eabi/11.3.1/../../../../arm-none-eabi/lib/thumb/v7e-m+fp/hard/libnosys.a
END GROUP
LOAD /Applications/STM32CubeIDE.app/Contents/Eclipse/plugins/com.st.stm32cube.ide.mcu.externaltools.gnu-tools-for-stm32.11.3.rel1.macos64_1.1.0.202305231506/tools/bin/../lib/gcc/arm-none-eabi/11.3.1/thumb/v7e-m+fp/hard/crtend.o
LOAD /Applications/STM32CubeIDE.app/Contents/Eclipse/plugins/com.st.stm32cube.ide.mcu.externaltools.gnu-tools-for-stm32.11.3.rel1.macos64_1.1.0.202305231506/tools/bin/../lib/gcc/arm-none-eabi/11.3.1/thumb/v7e-m+fp/hard/crtn.o
                0x00000000200a0000                _estack = (ORIGIN (RAM) + LENGTH (RAM))
                0x0000000000000200                _Min_Heap_Size = 0x200
                0x0000000000000400                _Min_Stack_Size = 0x400

.isr_vector     0x0000000008000000      0x1bc
                0x0000000008000000                . = ALIGN (0x4)
 *(.isr_vector)
 .isr_vector    0x0000000008000000      0x1bc ./Core/Startup/startup_stm32l4s5vitx.o
                0x0000000008000000                g_pfnVectors
                0x00000000080001bc                . = ALIGN (0x4)

.text           0x00000000080001c0     0x2a48
                0x00000000080001c0                . = ALIGN (0x4)
 *(.text)
 .text          0x00000000080001c0       0x40 /Applications/STM32CubeIDE.app/Contents/Eclipse/plugins/com.st.stm32cube.ide.mcu.externaltools.gnu-tools-for-stm32.11.3.rel1.macos64_1.1.0.202305231506/tools/bin/../lib/gcc/arm-none-eabi/11.3.1/thumb/v7e-m+fp/hard/crtbegin.o
 .text          0x0000000008000200      0x378 /Applications/STM32CubeIDE.app/Contents/Eclipse/plugins/com.st.stm32cube.ide.mcu.externaltools.gnu-tools-for-stm32.11.3.rel1.macos64_1.1.0.202305231506/tools/bin/../lib/gcc/arm-none-eabi/11.3.1/thumb/v7e-m+fp/hard/libgcc.a(_arm_addsubdf3.o)
                0x0000000008000200                __aeabi_drsub
                0x0000000008000208                __subdf3
                0x0000000008000208                __aeabi_dsub
                0x000000000800020c                __aeabi_dadd
                0x000000000800020c                __adddf3
                0x0000000008000484                __aeabi_ui2d
                0x0000000008000484                __floatunsidf
                0x00000000080004a4                __floatsidf
                0x00000000080004a4                __aeabi_i2d
                0x00000000080004c8                __extendsfdf2
                0x00000000080004c8                __aeabi_f2d
                0x000000000800050c                __aeabi_ul2d
                0x000000000800050c                __floatundidf
                0x000000000800051c                __aeabi_l2d
                0x000000000800051c                __floatdidf
 .text          0x0000000008000578      0x110 /Applications/STM32CubeIDE.app/Contents/Eclipse/plugins/com.st.stm32cube.ide.mcu.externaltools.gnu-tools-for-stm32.11.3.rel1.macos64_1.1.0.202305231506/tools/bin/../lib/gcc/arm-none-eabi/11.3.1/thumb/v7e-m+fp/hard/libgcc.a(_arm_cmpdf2.o)
                0x0000000008000578                __gedf2
                0x0000000008000578                __gtdf2
                0x0000000008000580                __ledf2
                0x0000000008000580                __ltdf2
                0x0000000008000588                __cmpdf2
                0x0000000008000588                __eqdf2
                0x0000000008000588                __nedf2
                0x0000000008000604                __aeabi_cdrcmple
                0x0000000008000614                __aeabi_cdcmple
                0x0000000008000614                __aeabi_cdcmpeq
                0x0000000008000624                __aeabi_dcmpeq
                0x0000000008000638                __aeabi_dcmplt
                0x000000000800064c                __aeabi_dcmple
                0x0000000008000660                __aeabi_dcmpge
                0x0000000008000674                __aeabi_dcmpgt
 *(.text*)
 .text.rodata   0x0000000008000688       0x32 ./Core/Src/asmmax.o
                0x0000000008000688                asmMax
 .text.rodata   0x00000000080006ba       0x28 ./Core/Src/asmsqrt.o
                0x00000000080006ba                asmSqrt
 .text.rodata   0x00000000080006e2       0xce ./Core/Src/asmtranscendental.o
                0x00000000080006e2                asmTranscendental
 .text.cMax     0x00000000080007b0       0x6e ./Core/Src/cmax.o
                0x00000000080007b0                cMax
 *fill*         0x000000000800081e        0x2 
 .text.cSqrt    0x0000000008000820       0x98 ./Core/Src/csqrt.o
                0x0000000008000820                cSqrt
 .text.defunc   0x00000000080008b8       0x4a ./Core/Src/ctranscendental.o
                0x00000000080008b8                defunc
 .text.firstDerivative
                0x0000000008000902       0x52 ./Core/Src/ctranscendental.o
                0x0000000008000902                firstDerivative
 .text.cnewtonsMethod
                0x0000000008000954       0xe6 ./Core/Src/ctranscendental.o
                0x0000000008000954                cnewtonsMethod
 *fill*         0x0000000008000a3a        0x2 
 .text.main     0x0000000008000a3c      0x1f8 ./Core/Src/main.o
                0x0000000008000a3c                main
 .text.SystemClock_Config
                0x0000000008000c34       0xa2 ./Core/Src/main.o
                0x0000000008000c34                SystemClock_Config
 *fill*         0x0000000008000cd6        0x2 
 .text.MX_TIM2_Init
                0x0000000008000cd8       0x9c ./Core/Src/main.o
 .text.MX_GPIO_Init
                0x0000000008000d74       0x30 ./Core/Src/main.o
 .text.Error_Handler
                0x0000000008000da4        0xa ./Core/Src/main.o
                0x0000000008000da4                Error_Handler
 *fill*         0x0000000008000dae        0x2 
 .text.HAL_MspInit
                0x0000000008000db0       0x48 ./Core/Src/stm32l4xx_hal_msp.o
                0x0000000008000db0                HAL_MspInit
 .text.HAL_TIM_Base_MspInit
                0x0000000008000df8       0x48 ./Core/Src/stm32l4xx_hal_msp.o
                0x0000000008000df8                HAL_TIM_Base_MspInit
 .text.NMI_Handler
                0x0000000008000e40        0x6 ./Core/Src/stm32l4xx_it.o
                0x0000000008000e40                NMI_Handler
 .text.HardFault_Handler
                0x0000000008000e46        0x6 ./Core/Src/stm32l4xx_it.o
                0x0000000008000e46                HardFault_Handler
 .text.MemManage_Handler
                0x0000000008000e4c        0x6 ./Core/Src/stm32l4xx_it.o
                0x0000000008000e4c                MemManage_Handler
 .text.BusFault_Handler
                0x0000000008000e52        0x6 ./Core/Src/stm32l4xx_it.o
                0x0000000008000e52                BusFault_Handler
 .text.UsageFault_Handler
                0x0000000008000e58        0x6 ./Core/Src/stm32l4xx_it.o
                0x0000000008000e58                UsageFault_Handler
 .text.SVC_Handler
                0x0000000008000e5e        0xe ./Core/Src/stm32l4xx_it.o
                0x0000000008000e5e                SVC_Handler
 .text.DebugMon_Handler
                0x0000000008000e6c        0xe ./Core/Src/stm32l4xx_it.o
                0x0000000008000e6c                DebugMon_Handler
 .text.PendSV_Handler
                0x0000000008000e7a        0xe ./Core/Src/stm32l4xx_it.o
                0x0000000008000e7a                PendSV_Handler
 .text.SysTick_Handler
                0x0000000008000e88        0xc ./Core/Src/stm32l4xx_it.o
                0x0000000008000e88                SysTick_Handler
 .text.TIM2_IRQHandler
                0x0000000008000e94       0x14 ./Core/Src/stm32l4xx_it.o
                0x0000000008000e94                TIM2_IRQHandler
 .text.SystemInit
                0x0000000008000ea8       0x24 ./Core/Src/system_stm32l4xx.o
                0x0000000008000ea8                SystemInit
 .text.Reset_Handler
                0x0000000008000ecc       0x50 ./Core/Startup/startup_stm32l4s5vitx.o
                0x0000000008000ecc                Reset_Handler
 .text.Default_Handler
                0x0000000008000f1c        0x2 ./Core/Startup/startup_stm32l4s5vitx.o
                0x0000000008000f1c                TIM1_BRK_TIM15_IRQHandler
                0x0000000008000f1c                EXTI2_IRQHandler
                0x0000000008000f1c                TIM8_TRG_COM_IRQHandler
                0x0000000008000f1c                TIM8_CC_IRQHandler
                0x0000000008000f1c                TIM1_CC_IRQHandler
                0x0000000008000f1c                TSC_IRQHandler
                0x0000000008000f1c                TAMP_STAMP_IRQHandler
                0x0000000008000f1c                EXTI3_IRQHandler
                0x0000000008000f1c                LPTIM2_IRQHandler
                0x0000000008000f1c                DFSDM1_FLT1_IRQHandler
                0x0000000008000f1c                GFXMMU_IRQHandler
                0x0000000008000f1c                I2C3_ER_IRQHandler
                0x0000000008000f1c                DFSDM1_FLT2_IRQHandler
                0x0000000008000f1c                EXTI0_IRQHandler
                0x0000000008000f1c                I2C2_EV_IRQHandler
                0x0000000008000f1c                CAN1_RX0_IRQHandler
                0x0000000008000f1c                FPU_IRQHandler
                0x0000000008000f1c                TIM1_UP_TIM16_IRQHandler
                0x0000000008000f1c                LTDC_ER_IRQHandler
                0x0000000008000f1c                SPI1_IRQHandler
                0x0000000008000f1c                OCTOSPI1_IRQHandler
                0x0000000008000f1c                TIM6_DAC_IRQHandler
                0x0000000008000f1c                DCMI_IRQHandler
                0x0000000008000f1c                TIM8_UP_IRQHandler
                0x0000000008000f1c                OCTOSPI2_IRQHandler
                0x0000000008000f1c                DMA2_Channel2_IRQHandler
                0x0000000008000f1c                DMA1_Channel4_IRQHandler
                0x0000000008000f1c                SAI2_IRQHandler
                0x0000000008000f1c                ADC1_IRQHandler
                0x0000000008000f1c                DFSDM1_FLT3_IRQHandler
                0x0000000008000f1c                USART3_IRQHandler
                0x0000000008000f1c                DMA1_Channel7_IRQHandler
                0x0000000008000f1c                CAN1_RX1_IRQHandler
                0x0000000008000f1c                UART5_IRQHandler
                0x0000000008000f1c                TIM4_IRQHandler
                0x0000000008000f1c                DMA2_Channel1_IRQHandler
                0x0000000008000f1c                I2C1_EV_IRQHandler
                0x0000000008000f1c                DMAMUX1_OVR_IRQHandler
                0x0000000008000f1c                DMA1_Channel6_IRQHandler
                0x0000000008000f1c                UART4_IRQHandler
                0x0000000008000f1c                DMA2_Channel4_IRQHandler
                0x0000000008000f1c                TIM3_IRQHandler
                0x0000000008000f1c                RCC_IRQHandler
                0x0000000008000f1c                DMA1_Channel1_IRQHandler
                0x0000000008000f1c                Default_Handler
                0x0000000008000f1c                DMA2_Channel7_IRQHandler
                0x0000000008000f1c                EXTI15_10_IRQHandler
                0x0000000008000f1c                TIM7_IRQHandler
                0x0000000008000f1c                SDMMC1_IRQHandler
                0x0000000008000f1c                TIM5_IRQHandler
                0x0000000008000f1c                I2C3_EV_IRQHandler
                0x0000000008000f1c                EXTI9_5_IRQHandler
                0x0000000008000f1c                RTC_WKUP_IRQHandler
                0x0000000008000f1c                LTDC_IRQHandler
                0x0000000008000f1c                PVD_PVM_IRQHandler
                0x0000000008000f1c                SPI2_IRQHandler
                0x0000000008000f1c                CAN1_TX_IRQHandler
                0x0000000008000f1c                DMA2_Channel5_IRQHandler
                0x0000000008000f1c                DMA1_Channel5_IRQHandler
                0x0000000008000f1c                EXTI4_IRQHandler
                0x0000000008000f1c                RNG_IRQHandler
                0x0000000008000f1c                TIM1_TRG_COM_TIM17_IRQHandler
                0x0000000008000f1c                DMA1_Channel3_IRQHandler
                0x0000000008000f1c                COMP_IRQHandler
                0x0000000008000f1c                HASH_CRS_IRQHandler
                0x0000000008000f1c                WWDG_IRQHandler
                0x0000000008000f1c                I2C4_EV_IRQHandler
                0x0000000008000f1c                LPUART1_IRQHandler
                0x0000000008000f1c                DMA2_Channel6_IRQHandler
                0x0000000008000f1c                DMA2D_IRQHandler
                0x0000000008000f1c                EXTI1_IRQHandler
                0x0000000008000f1c                AES_IRQHandler
                0x0000000008000f1c                USART2_IRQHandler
                0x0000000008000f1c                DFSDM1_FLT0_IRQHandler
                0x0000000008000f1c                I2C2_ER_IRQHandler
                0x0000000008000f1c                DMA1_Channel2_IRQHandler
                0x0000000008000f1c                TIM8_BRK_IRQHandler
                0x0000000008000f1c                CAN1_SCE_IRQHandler
                0x0000000008000f1c                FLASH_IRQHandler
                0x0000000008000f1c                USART1_IRQHandler
                0x0000000008000f1c                OTG_FS_IRQHandler
                0x0000000008000f1c                SPI3_IRQHandler
                0x0000000008000f1c                I2C1_ER_IRQHandler
                0x0000000008000f1c                FMC_IRQHandler
                0x0000000008000f1c                LPTIM1_IRQHandler
                0x0000000008000f1c                I2C4_ER_IRQHandler
                0x0000000008000f1c                SAI1_IRQHandler
                0x0000000008000f1c                DMA2_Channel3_IRQHandler
                0x0000000008000f1c                RTC_Alarm_IRQHandler
 .text.HAL_Init
                0x0000000008000f1e       0x30 ./Drivers/STM32L4xx_HAL_Driver/Src/stm32l4xx_hal.o
                0x0000000008000f1e                HAL_Init
 *fill*         0x0000000008000f4e        0x2 
 .text.HAL_InitTick
                0x0000000008000f50       0x78 ./Drivers/STM32L4xx_HAL_Driver/Src/stm32l4xx_hal.o
                0x0000000008000f50                HAL_InitTick
 .text.HAL_IncTick
                0x0000000008000fc8       0x28 ./Drivers/STM32L4xx_HAL_Driver/Src/stm32l4xx_hal.o
                0x0000000008000fc8                HAL_IncTick
 .text.HAL_GetTick
                0x0000000008000ff0       0x18 ./Drivers/STM32L4xx_HAL_Driver/Src/stm32l4xx_hal.o
                0x0000000008000ff0                HAL_GetTick
 .text.__NVIC_SetPriorityGrouping
                0x0000000008001008       0x48 ./Drivers/STM32L4xx_HAL_Driver/Src/stm32l4xx_hal_cortex.o
 .text.__NVIC_GetPriorityGrouping
                0x0000000008001050       0x1c ./Drivers/STM32L4xx_HAL_Driver/Src/stm32l4xx_hal_cortex.o
 .text.__NVIC_EnableIRQ
                0x000000000800106c       0x3c ./Drivers/STM32L4xx_HAL_Driver/Src/stm32l4xx_hal_cortex.o
 .text.__NVIC_SetPriority
                0x00000000080010a8       0x54 ./Drivers/STM32L4xx_HAL_Driver/Src/stm32l4xx_hal_cortex.o
 .text.NVIC_EncodePriority
                0x00000000080010fc       0x66 ./Drivers/STM32L4xx_HAL_Driver/Src/stm32l4xx_hal_cortex.o
 *fill*         0x0000000008001162        0x2 
 .text.SysTick_Config
                0x0000000008001164       0x44 ./Drivers/STM32L4xx_HAL_Driver/Src/stm32l4xx_hal_cortex.o
 .text.HAL_NVIC_SetPriorityGrouping
                0x00000000080011a8       0x16 ./Drivers/STM32L4xx_HAL_Driver/Src/stm32l4xx_hal_cortex.o
                0x00000000080011a8                HAL_NVIC_SetPriorityGrouping
 .text.HAL_NVIC_SetPriority
                0x00000000080011be       0x38 ./Drivers/STM32L4xx_HAL_Driver/Src/stm32l4xx_hal_cortex.o
                0x00000000080011be                HAL_NVIC_SetPriority
 .text.HAL_NVIC_EnableIRQ
                0x00000000080011f6       0x1c ./Drivers/STM32L4xx_HAL_Driver/Src/stm32l4xx_hal_cortex.o
                0x00000000080011f6                HAL_NVIC_EnableIRQ
 .text.HAL_SYSTICK_Config
                0x0000000008001212       0x18 ./Drivers/STM32L4xx_HAL_Driver/Src/stm32l4xx_hal_cortex.o
                0x0000000008001212                HAL_SYSTICK_Config
 *fill*         0x000000000800122a        0x2 
 .text.HAL_PWREx_GetVoltageRange
                0x000000000800122c       0x40 ./Drivers/STM32L4xx_HAL_Driver/Src/stm32l4xx_hal_pwr_ex.o
                0x000000000800122c                HAL_PWREx_GetVoltageRange
 .text.HAL_PWREx_ControlVoltageScaling
                0x000000000800126c      0x148 ./Drivers/STM32L4xx_HAL_Driver/Src/stm32l4xx_hal_pwr_ex.o
                0x000000000800126c                HAL_PWREx_ControlVoltageScaling
 .text.HAL_RCC_OscConfig
                0x00000000080013b4      0x834 ./Drivers/STM32L4xx_HAL_Driver/Src/stm32l4xx_hal_rcc.o
                0x00000000080013b4                HAL_RCC_OscConfig
 .text.HAL_RCC_ClockConfig
                0x0000000008001be8      0x274 ./Drivers/STM32L4xx_HAL_Driver/Src/stm32l4xx_hal_rcc.o
                0x0000000008001be8                HAL_RCC_ClockConfig
 .text.HAL_RCC_GetSysClockFreq
                0x0000000008001e5c      0x118 ./Drivers/STM32L4xx_HAL_Driver/Src/stm32l4xx_hal_rcc.o
                0x0000000008001e5c                HAL_RCC_GetSysClockFreq
 .text.RCC_SetFlashLatencyFromMSIRange
                0x0000000008001f74       0xb4 ./Drivers/STM32L4xx_HAL_Driver/Src/stm32l4xx_hal_rcc.o
 .text.RCC_GetSysClockFreqFromPLLSource
                0x0000000008002028       0xcc ./Drivers/STM32L4xx_HAL_Driver/Src/stm32l4xx_hal_rcc.o
 .text.HAL_TIM_Base_Init
                0x00000000080020f4       0xae ./Drivers/STM32L4xx_HAL_Driver/Src/stm32l4xx_hal_tim.o
                0x00000000080020f4                HAL_TIM_Base_Init
 .text.HAL_TIM_IRQHandler
                0x00000000080021a2      0x204 ./Drivers/STM32L4xx_HAL_Driver/Src/stm32l4xx_hal_tim.o
                0x00000000080021a2                HAL_TIM_IRQHandler
 .text.HAL_TIM_ConfigClockSource
                0x00000000080023a6      0x192 ./Drivers/STM32L4xx_HAL_Driver/Src/stm32l4xx_hal_tim.o
                0x00000000080023a6                HAL_TIM_ConfigClockSource
 .text.HAL_TIM_PeriodElapsedCallback
                0x0000000008002538       0x14 ./Drivers/STM32L4xx_HAL_Driver/Src/stm32l4xx_hal_tim.o
                0x0000000008002538                HAL_TIM_PeriodElapsedCallback
 .text.HAL_TIM_OC_DelayElapsedCallback
                0x000000000800254c       0x14 ./Drivers/STM32L4xx_HAL_Driver/Src/stm32l4xx_hal_tim.o
                0x000000000800254c                HAL_TIM_OC_DelayElapsedCallback
 .text.HAL_TIM_IC_CaptureCallback
                0x0000000008002560       0x14 ./Drivers/STM32L4xx_HAL_Driver/Src/stm32l4xx_hal_tim.o
                0x0000000008002560                HAL_TIM_IC_CaptureCallback
 .text.HAL_TIM_PWM_PulseFinishedCallback
                0x0000000008002574       0x14 ./Drivers/STM32L4xx_HAL_Driver/Src/stm32l4xx_hal_tim.o
                0x0000000008002574                HAL_TIM_PWM_PulseFinishedCallback
 .text.HAL_TIM_TriggerCallback
                0x0000000008002588       0x14 ./Drivers/STM32L4xx_HAL_Driver/Src/stm32l4xx_hal_tim.o
                0x0000000008002588                HAL_TIM_TriggerCallback
 .text.TIM_Base_SetConfig
                0x000000000800259c      0x134 ./Drivers/STM32L4xx_HAL_Driver/Src/stm32l4xx_hal_tim.o
                0x000000000800259c                TIM_Base_SetConfig
 .text.TIM_TI1_ConfigInputStage
                0x00000000080026d0       0x5e ./Drivers/STM32L4xx_HAL_Driver/Src/stm32l4xx_hal_tim.o
 .text.TIM_TI2_ConfigInputStage
                0x000000000800272e       0x60 ./Drivers/STM32L4xx_HAL_Driver/Src/stm32l4xx_hal_tim.o
 .text.TIM_ITRx_SetConfig
                0x000000000800278e       0x36 ./Drivers/STM32L4xx_HAL_Driver/Src/stm32l4xx_hal_tim.o
 .text.TIM_ETR_SetConfig
                0x00000000080027c4       0x40 ./Drivers/STM32L4xx_HAL_Driver/Src/stm32l4xx_hal_tim.o
                0x00000000080027c4                TIM_ETR_SetConfig
 .text.HAL_TIMEx_MasterConfigSynchronization
                0x0000000008002804      0x110 ./Drivers/STM32L4xx_HAL_Driver/Src/stm32l4xx_hal_tim_ex.o
                0x0000000008002804                HAL_TIMEx_MasterConfigSynchronization
 .text.HAL_TIMEx_CommutCallback
                0x0000000008002914       0x14 ./Drivers/STM32L4xx_HAL_Driver/Src/stm32l4xx_hal_tim_ex.o
                0x0000000008002914                HAL_TIMEx_CommutCallback
 .text.HAL_TIMEx_BreakCallback
                0x0000000008002928       0x14 ./Drivers/STM32L4xx_HAL_Driver/Src/stm32l4xx_hal_tim_ex.o
                0x0000000008002928                HAL_TIMEx_BreakCallback
 .text.HAL_TIMEx_Break2Callback
                0x000000000800293c       0x14 ./Drivers/STM32L4xx_HAL_Driver/Src/stm32l4xx_hal_tim_ex.o
                0x000000000800293c                HAL_TIMEx_Break2Callback
 .text.arm_max_f32
                0x0000000008002950       0xd8 ../Core/Lib/libarm_cortexM4lf_math.a(arm_max_f32.o)
                0x0000000008002950                arm_max_f32
 .text.arm_sin_f32
                0x0000000008002a28       0x8c ../Core/Lib/libarm_cortexM4lf_math.a(arm_sin_f32.o)
                0x0000000008002a28                arm_sin_f32
 .text.arm_cos_f32
                0x0000000008002ab4       0x94 ../Core/Lib/libarm_cortexM4lf_math.a(arm_cos_f32.o)
                0x0000000008002ab4                arm_cos_f32
 .text.memset   0x0000000008002b48       0x10 /Applications/STM32CubeIDE.app/Contents/Eclipse/plugins/com.st.stm32cube.ide.mcu.externaltools.gnu-tools-for-stm32.11.3.rel1.macos64_1.1.0.202305231506/tools/bin/../lib/gcc/arm-none-eabi/11.3.1/../../../../arm-none-eabi/lib/thumb/v7e-m+fp/hard/libc_nano.a(libc_a-memset.o)
                0x0000000008002b48                memset
 .text.__errno  0x0000000008002b58        0xc /Applications/STM32CubeIDE.app/Contents/Eclipse/plugins/com.st.stm32cube.ide.mcu.externaltools.gnu-tools-for-stm32.11.3.rel1.macos64_1.1.0.202305231506/tools/bin/../lib/gcc/arm-none-eabi/11.3.1/../../../../arm-none-eabi/lib/thumb/v7e-m+fp/hard/libc_nano.a(libc_a-errno.o)
                0x0000000008002b58                __errno
 .text.__libc_init_array
                0x0000000008002b64       0x48 /Applications/STM32CubeIDE.app/Contents/Eclipse/plugins/com.st.stm32cube.ide.mcu.externaltools.gnu-tools-for-stm32.11.3.rel1.macos64_1.1.0.202305231506/tools/bin/../lib/gcc/arm-none-eabi/11.3.1/../../../../arm-none-eabi/lib/thumb/v7e-m+fp/hard/libc_nano.a(libc_a-init.o)
                0x0000000008002b64                __libc_init_array
 .text.sqrtf    0x0000000008002bac       0x3c /Applications/STM32CubeIDE.app/Contents/Eclipse/plugins/com.st.stm32cube.ide.mcu.externaltools.gnu-tools-for-stm32.11.3.rel1.macos64_1.1.0.202305231506/tools/bin/../lib/gcc/arm-none-eabi/11.3.1/../../../../arm-none-eabi/lib/thumb/v7e-m+fp/hard/libm.a(libm_a-wf_sqrt.o)
                0x0000000008002bac                sqrtf
 .text.__ieee754_sqrtf
                0x0000000008002be8        0x6 /Applications/STM32CubeIDE.app/Contents/Eclipse/plugins/com.st.stm32cube.ide.mcu.externaltools.gnu-tools-for-stm32.11.3.rel1.macos64_1.1.0.202305231506/tools/bin/../lib/gcc/arm-none-eabi/11.3.1/../../../../arm-none-eabi/lib/thumb/v7e-m+fp/hard/libm.a(libm_a-ef_sqrt.o)
                0x0000000008002be8                __ieee754_sqrtf
 *(.glue_7)
 .glue_7        0x0000000008002bee        0x0 linker stubs
 *(.glue_7t)
 .glue_7t       0x0000000008002bee        0x0 linker stubs
 *(.eh_frame)
 *fill*         0x0000000008002bee        0x2 
 .eh_frame      0x0000000008002bf0        0x0 /Applications/STM32CubeIDE.app/Contents/Eclipse/plugins/com.st.stm32cube.ide.mcu.externaltools.gnu-tools-for-stm32.11.3.rel1.macos64_1.1.0.202305231506/tools/bin/../lib/gcc/arm-none-eabi/11.3.1/thumb/v7e-m+fp/hard/crtbegin.o
 *(.init)
 .init          0x0000000008002bf0        0x4 /Applications/STM32CubeIDE.app/Contents/Eclipse/plugins/com.st.stm32cube.ide.mcu.externaltools.gnu-tools-for-stm32.11.3.rel1.macos64_1.1.0.202305231506/tools/bin/../lib/gcc/arm-none-eabi/11.3.1/thumb/v7e-m+fp/hard/crti.o
                0x0000000008002bf0                _init
 .init          0x0000000008002bf4        0x8 /Applications/STM32CubeIDE.app/Contents/Eclipse/plugins/com.st.stm32cube.ide.mcu.externaltools.gnu-tools-for-stm32.11.3.rel1.macos64_1.1.0.202305231506/tools/bin/../lib/gcc/arm-none-eabi/11.3.1/thumb/v7e-m+fp/hard/crtn.o
 *(.fini)
 .fini          0x0000000008002bfc        0x4 /Applications/STM32CubeIDE.app/Contents/Eclipse/plugins/com.st.stm32cube.ide.mcu.externaltools.gnu-tools-for-stm32.11.3.rel1.macos64_1.1.0.202305231506/tools/bin/../lib/gcc/arm-none-eabi/11.3.1/thumb/v7e-m+fp/hard/crti.o
                0x0000000008002bfc                _fini
 .fini          0x0000000008002c00        0x8 /Applications/STM32CubeIDE.app/Contents/Eclipse/plugins/com.st.stm32cube.ide.mcu.externaltools.gnu-tools-for-stm32.11.3.rel1.macos64_1.1.0.202305231506/tools/bin/../lib/gcc/arm-none-eabi/11.3.1/thumb/v7e-m+fp/hard/crtn.o
                0x0000000008002c08                . = ALIGN (0x4)
                0x0000000008002c08                _etext = .

.vfp11_veneer   0x0000000008002c08        0x0
 .vfp11_veneer  0x0000000008002c08        0x0 linker stubs

.v4_bx          0x0000000008002c08        0x0
 .v4_bx         0x0000000008002c08        0x0 linker stubs

.iplt           0x0000000008002c08        0x0
 .iplt          0x0000000008002c08        0x0 /Applications/STM32CubeIDE.app/Contents/Eclipse/plugins/com.st.stm32cube.ide.mcu.externaltools.gnu-tools-for-stm32.11.3.rel1.macos64_1.1.0.202305231506/tools/bin/../lib/gcc/arm-none-eabi/11.3.1/thumb/v7e-m+fp/hard/crtbegin.o

.rodata         0x0000000008002c08      0x86c
                0x0000000008002c08                . = ALIGN (0x4)
 *(.rodata)
 .rodata        0x0000000008002c08       0x28 ./Core/Src/main.o
 *(.rodata*)
 .rodata.AHBPrescTable
                0x0000000008002c30       0x10 ./Core/Src/system_stm32l4xx.o
                0x0000000008002c30                AHBPrescTable
 .rodata.MSIRangeTable
                0x0000000008002c40       0x30 ./Core/Src/system_stm32l4xx.o
                0x0000000008002c40                MSIRangeTable
 .rodata.sinTable_f32
                0x0000000008002c70      0x804 ../Core/Lib/libarm_cortexM4lf_math.a(arm_common_tables.o)
                0x0000000008002c70                sinTable_f32
                0x0000000008003474                . = ALIGN (0x4)

.rel.dyn        0x0000000008003474        0x0
 .rel.iplt      0x0000000008003474        0x0 /Applications/STM32CubeIDE.app/Contents/Eclipse/plugins/com.st.stm32cube.ide.mcu.externaltools.gnu-tools-for-stm32.11.3.rel1.macos64_1.1.0.202305231506/tools/bin/../lib/gcc/arm-none-eabi/11.3.1/thumb/v7e-m+fp/hard/crtbegin.o

.ARM.extab      0x0000000008003474        0x0
                0x0000000008003474                . = ALIGN (0x4)
 *(.ARM.extab* .gnu.linkonce.armextab.*)
                0x0000000008003474                . = ALIGN (0x4)

.ARM            0x0000000008003474        0x0
                0x0000000008003474                . = ALIGN (0x4)
                0x0000000008003474                __exidx_start = .
 *(.ARM.exidx*)
                0x0000000008003474                __exidx_end = .
                0x0000000008003474                . = ALIGN (0x4)

.preinit_array  0x0000000008003474        0x0
                0x0000000008003474                . = ALIGN (0x4)
                0x0000000008003474                PROVIDE (__preinit_array_start = .)
 *(.preinit_array*)
                0x0000000008003474                PROVIDE (__preinit_array_end = .)
                0x0000000008003474                . = ALIGN (0x4)

.init_array     0x0000000008003474        0x4
                0x0000000008003474                . = ALIGN (0x4)
                0x0000000008003474                PROVIDE (__init_array_start = .)
 *(SORT_BY_NAME(.init_array.*))
 *(.init_array*)
 .init_array    0x0000000008003474        0x4 /Applications/STM32CubeIDE.app/Contents/Eclipse/plugins/com.st.stm32cube.ide.mcu.externaltools.gnu-tools-for-stm32.11.3.rel1.macos64_1.1.0.202305231506/tools/bin/../lib/gcc/arm-none-eabi/11.3.1/thumb/v7e-m+fp/hard/crtbegin.o
                0x0000000008003478                PROVIDE (__init_array_end = .)
                0x0000000008003478                . = ALIGN (0x4)

.fini_array     0x0000000008003478        0x4
                0x0000000008003478                . = ALIGN (0x4)
                [!provide]                        PROVIDE (__fini_array_start = .)
 *(SORT_BY_NAME(.fini_array.*))
 *(.fini_array*)
 .fini_array    0x0000000008003478        0x4 /Applications/STM32CubeIDE.app/Contents/Eclipse/plugins/com.st.stm32cube.ide.mcu.externaltools.gnu-tools-for-stm32.11.3.rel1.macos64_1.1.0.202305231506/tools/bin/../lib/gcc/arm-none-eabi/11.3.1/thumb/v7e-m+fp/hard/crtbegin.o
                [!provide]                        PROVIDE (__fini_array_end = .)
                0x000000000800347c                . = ALIGN (0x4)
                0x000000000800347c                _sidata = LOADADDR (.data)

.data           0x0000000020000000       0x5c load address 0x000000000800347c
                0x0000000020000000                . = ALIGN (0x4)
                0x0000000020000000                _sdata = .
 *(.data)
 *(.data*)
 .data.SystemCoreClock
                0x0000000020000000        0x4 ./Core/Src/system_stm32l4xx.o
                0x0000000020000000                SystemCoreClock
 .data.uwTickPrio
                0x0000000020000004        0x4 ./Drivers/STM32L4xx_HAL_Driver/Src/stm32l4xx_hal.o
                0x0000000020000004                uwTickPrio
 .data.uwTickFreq
                0x0000000020000008        0x1 ./Drivers/STM32L4xx_HAL_Driver/Src/stm32l4xx_hal.o
                0x0000000020000008                uwTickFreq
 *fill*         0x0000000020000009        0x3 
 .data._impure_data
                0x000000002000000c       0x4c /Applications/STM32CubeIDE.app/Contents/Eclipse/plugins/com.st.stm32cube.ide.mcu.externaltools.gnu-tools-for-stm32.11.3.rel1.macos64_1.1.0.202305231506/tools/bin/../lib/gcc/arm-none-eabi/11.3.1/../../../../arm-none-eabi/lib/thumb/v7e-m+fp/hard/libc_nano.a(libc_a-impure.o)
                0x000000002000000c                _impure_data
 .data._impure_ptr
                0x0000000020000058        0x4 /Applications/STM32CubeIDE.app/Contents/Eclipse/plugins/com.st.stm32cube.ide.mcu.externaltools.gnu-tools-for-stm32.11.3.rel1.macos64_1.1.0.202305231506/tools/bin/../lib/gcc/arm-none-eabi/11.3.1/../../../../arm-none-eabi/lib/thumb/v7e-m+fp/hard/libc_nano.a(libc_a-impure.o)
                0x0000000020000058                _impure_ptr
 *(.RamFunc)
 *(.RamFunc*)
                0x000000002000005c                . = ALIGN (0x4)
                0x000000002000005c                _edata = .

.igot.plt       0x000000002000005c        0x0 load address 0x00000000080034d8
 .igot.plt      0x000000002000005c        0x0 /Applications/STM32CubeIDE.app/Contents/Eclipse/plugins/com.st.stm32cube.ide.mcu.externaltools.gnu-tools-for-stm32.11.3.rel1.macos64_1.1.0.202305231506/tools/bin/../lib/gcc/arm-none-eabi/11.3.1/thumb/v7e-m+fp/hard/crtbegin.o
                0x000000002000005c                . = ALIGN (0x4)

.bss            0x000000002000005c      0x1a4 load address 0x00000000080034d8
                0x000000002000005c                _sbss = .
                0x000000002000005c                __bss_start__ = _sbss
 *(.bss)
 .bss           0x000000002000005c       0x1c /Applications/STM32CubeIDE.app/Contents/Eclipse/plugins/com.st.stm32cube.ide.mcu.externaltools.gnu-tools-for-stm32.11.3.rel1.macos64_1.1.0.202305231506/tools/bin/../lib/gcc/arm-none-eabi/11.3.1/thumb/v7e-m+fp/hard/crtbegin.o
 *(.bss*)
 .bss.htim2     0x0000000020000078       0x4c ./Core/Src/main.o
                0x0000000020000078                htim2
 .bss.uwTick    0x00000000200000c4        0x4 ./Drivers/STM32L4xx_HAL_Driver/Src/stm32l4xx_hal.o
                0x00000000200000c4                uwTick
 .bss.__sf      0x00000000200000c8      0x138 /Applications/STM32CubeIDE.app/Contents/Eclipse/plugins/com.st.stm32cube.ide.mcu.externaltools.gnu-tools-for-stm32.11.3.rel1.macos64_1.1.0.202305231506/tools/bin/../lib/gcc/arm-none-eabi/11.3.1/../../../../arm-none-eabi/lib/thumb/v7e-m+fp/hard/libc_nano.a(libc_a-findfp.o)
                0x00000000200000c8                __sf
 *(COMMON)
                0x0000000020000200                . = ALIGN (0x4)
                0x0000000020000200                _ebss = .
                0x0000000020000200                __bss_end__ = _ebss

._user_heap_stack
                0x0000000020000200      0x600 load address 0x00000000080034d8
                0x0000000020000200                . = ALIGN (0x8)
                [!provide]                        PROVIDE (end = .)
                0x0000000020000200                PROVIDE (_end = .)
                0x0000000020000400                . = (. + _Min_Heap_Size)
 *fill*         0x0000000020000200      0x200 
                0x0000000020000800                . = (. + _Min_Stack_Size)
 *fill*         0x0000000020000400      0x400 
                0x0000000020000800                . = ALIGN (0x8)

/DISCARD/
 libc.a(*)
 libm.a(*)
 libgcc.a(*)

.ARM.attributes
                0x0000000000000000       0x30
 *(.ARM.attributes)
 .ARM.attributes
                0x0000000000000000       0x1e /Applications/STM32CubeIDE.app/Contents/Eclipse/plugins/com.st.stm32cube.ide.mcu.externaltools.gnu-tools-for-stm32.11.3.rel1.macos64_1.1.0.202305231506/tools/bin/../lib/gcc/arm-none-eabi/11.3.1/thumb/v7e-m+fp/hard/crti.o
 .ARM.attributes
                0x000000000000001e       0x34 /Applications/STM32CubeIDE.app/Contents/Eclipse/plugins/com.st.stm32cube.ide.mcu.externaltools.gnu-tools-for-stm32.11.3.rel1.macos64_1.1.0.202305231506/tools/bin/../lib/gcc/arm-none-eabi/11.3.1/thumb/v7e-m+fp/hard/crtbegin.o
 .ARM.attributes
                0x0000000000000052       0x20 ./Core/Src/asmmax.o
 .ARM.attributes
                0x0000000000000072       0x20 ./Core/Src/asmsqrt.o
 .ARM.attributes
                0x0000000000000092       0x20 ./Core/Src/asmtranscendental.o
 .ARM.attributes
                0x00000000000000b2       0x34 ./Core/Src/cmax.o
 .ARM.attributes
                0x00000000000000e6       0x34 ./Core/Src/csqrt.o
 .ARM.attributes
                0x000000000000011a       0x34 ./Core/Src/ctranscendental.o
 .ARM.attributes
                0x000000000000014e       0x34 ./Core/Src/main.o
 .ARM.attributes
                0x0000000000000182       0x34 ./Core/Src/stm32l4xx_hal_msp.o
 .ARM.attributes
                0x00000000000001b6       0x34 ./Core/Src/stm32l4xx_it.o
 .ARM.attributes
                0x00000000000001ea       0x34 ./Core/Src/system_stm32l4xx.o
 .ARM.attributes
                0x000000000000021e       0x21 ./Core/Startup/startup_stm32l4s5vitx.o
 .ARM.attributes
                0x000000000000023f       0x34 ./Drivers/STM32L4xx_HAL_Driver/Src/stm32l4xx_hal.o
 .ARM.attributes
                0x0000000000000273       0x34 ./Drivers/STM32L4xx_HAL_Driver/Src/stm32l4xx_hal_cortex.o
 .ARM.attributes
                0x00000000000002a7       0x34 ./Drivers/STM32L4xx_HAL_Driver/Src/stm32l4xx_hal_pwr_ex.o
 .ARM.attributes
                0x00000000000002db       0x34 ./Drivers/STM32L4xx_HAL_Driver/Src/stm32l4xx_hal_rcc.o
 .ARM.attributes
                0x000000000000030f       0x34 ./Drivers/STM32L4xx_HAL_Driver/Src/stm32l4xx_hal_tim.o
 .ARM.attributes
                0x0000000000000343       0x34 ./Drivers/STM32L4xx_HAL_Driver/Src/stm32l4xx_hal_tim_ex.o
 .ARM.attributes
                0x0000000000000377       0x34 ../Core/Lib/libarm_cortexM4lf_math.a(arm_max_f32.o)
 .ARM.attributes
                0x00000000000003ab       0x34 ../Core/Lib/libarm_cortexM4lf_math.a(arm_sin_f32.o)
 .ARM.attributes
                0x00000000000003df       0x34 ../Core/Lib/libarm_cortexM4lf_math.a(arm_cos_f32.o)
 .ARM.attributes
                0x0000000000000413       0x39 ../Core/Lib/libarm_cortexM4lf_math.a(arm_common_tables.o)
 .ARM.attributes
                0x000000000000044c       0x34 /Applications/STM32CubeIDE.app/Contents/Eclipse/plugins/com.st.stm32cube.ide.mcu.externaltools.gnu-tools-for-stm32.11.3.rel1.macos64_1.1.0.202305231506/tools/bin/../lib/gcc/arm-none-eabi/11.3.1/../../../../arm-none-eabi/lib/thumb/v7e-m+fp/hard/libc_nano.a(libc_a-findfp.o)
 .ARM.attributes
                0x0000000000000480       0x34 /Applications/STM32CubeIDE.app/Contents/Eclipse/plugins/com.st.stm32cube.ide.mcu.externaltools.gnu-tools-for-stm32.11.3.rel1.macos64_1.1.0.202305231506/tools/bin/../lib/gcc/arm-none-eabi/11.3.1/../../../../arm-none-eabi/lib/thumb/v7e-m+fp/hard/libc_nano.a(libc_a-memset.o)
 .ARM.attributes
                0x00000000000004b4       0x34 /Applications/STM32CubeIDE.app/Contents/Eclipse/plugins/com.st.stm32cube.ide.mcu.externaltools.gnu-tools-for-stm32.11.3.rel1.macos64_1.1.0.202305231506/tools/bin/../lib/gcc/arm-none-eabi/11.3.1/../../../../arm-none-eabi/lib/thumb/v7e-m+fp/hard/libc_nano.a(libc_a-impure.o)
 .ARM.attributes
                0x00000000000004e8       0x34 /Applications/STM32CubeIDE.app/Contents/Eclipse/plugins/com.st.stm32cube.ide.mcu.externaltools.gnu-tools-for-stm32.11.3.rel1.macos64_1.1.0.202305231506/tools/bin/../lib/gcc/arm-none-eabi/11.3.1/../../../../arm-none-eabi/lib/thumb/v7e-m+fp/hard/libc_nano.a(libc_a-errno.o)
 .ARM.attributes
                0x000000000000051c       0x34 /Applications/STM32CubeIDE.app/Contents/Eclipse/plugins/com.st.stm32cube.ide.mcu.externaltools.gnu-tools-for-stm32.11.3.rel1.macos64_1.1.0.202305231506/tools/bin/../lib/gcc/arm-none-eabi/11.3.1/../../../../arm-none-eabi/lib/thumb/v7e-m+fp/hard/libc_nano.a(libc_a-init.o)
 .ARM.attributes
                0x0000000000000550       0x34 /Applications/STM32CubeIDE.app/Contents/Eclipse/plugins/com.st.stm32cube.ide.mcu.externaltools.gnu-tools-for-stm32.11.3.rel1.macos64_1.1.0.202305231506/tools/bin/../lib/gcc/arm-none-eabi/11.3.1/../../../../arm-none-eabi/lib/thumb/v7e-m+fp/hard/libm.a(libm_a-wf_sqrt.o)
 .ARM.attributes
                0x0000000000000584       0x34 /Applications/STM32CubeIDE.app/Contents/Eclipse/plugins/com.st.stm32cube.ide.mcu.externaltools.gnu-tools-for-stm32.11.3.rel1.macos64_1.1.0.202305231506/tools/bin/../lib/gcc/arm-none-eabi/11.3.1/../../../../arm-none-eabi/lib/thumb/v7e-m+fp/hard/libm.a(libm_a-ef_sqrt.o)
 .ARM.attributes
                0x00000000000005b8       0x1e /Applications/STM32CubeIDE.app/Contents/Eclipse/plugins/com.st.stm32cube.ide.mcu.externaltools.gnu-tools-for-stm32.11.3.rel1.macos64_1.1.0.202305231506/tools/bin/../lib/gcc/arm-none-eabi/11.3.1/thumb/v7e-m+fp/hard/libgcc.a(_arm_addsubdf3.o)
 .ARM.attributes
                0x00000000000005d6       0x1e /Applications/STM32CubeIDE.app/Contents/Eclipse/plugins/com.st.stm32cube.ide.mcu.externaltools.gnu-tools-for-stm32.11.3.rel1.macos64_1.1.0.202305231506/tools/bin/../lib/gcc/arm-none-eabi/11.3.1/thumb/v7e-m+fp/hard/libgcc.a(_arm_cmpdf2.o)
 .ARM.attributes
                0x00000000000005f4       0x1e /Applications/STM32CubeIDE.app/Contents/Eclipse/plugins/com.st.stm32cube.ide.mcu.externaltools.gnu-tools-for-stm32.11.3.rel1.macos64_1.1.0.202305231506/tools/bin/../lib/gcc/arm-none-eabi/11.3.1/thumb/v7e-m+fp/hard/crtn.o
OUTPUT(Lab 1.elf elf32-littlearm)
LOAD linker stubs
LOAD /Applications/STM32CubeIDE.app/Contents/Eclipse/plugins/com.st.stm32cube.ide.mcu.externaltools.gnu-tools-for-stm32.11.3.rel1.macos64_1.1.0.202305231506/tools/bin/../lib/gcc/arm-none-eabi/11.3.1/../../../../arm-none-eabi/lib/thumb/v7e-m+fp/hard/libc.a
LOAD /Applications/STM32CubeIDE.app/Contents/Eclipse/plugins/com.st.stm32cube.ide.mcu.externaltools.gnu-tools-for-stm32.11.3.rel1.macos64_1.1.0.202305231506/tools/bin/../lib/gcc/arm-none-eabi/11.3.1/../../../../arm-none-eabi/lib/thumb/v7e-m+fp/hard/libm.a
LOAD /Applications/STM32CubeIDE.app/Contents/Eclipse/plugins/com.st.stm32cube.ide.mcu.externaltools.gnu-tools-for-stm32.11.3.rel1.macos64_1.1.0.202305231506/tools/bin/../lib/gcc/arm-none-eabi/11.3.1/thumb/v7e-m+fp/hard/libgcc.a

.comment        0x0000000000000000       0xb8
 .comment       0x0000000000000000       0x43 /Applications/STM32CubeIDE.app/Contents/Eclipse/plugins/com.st.stm32cube.ide.mcu.externaltools.gnu-tools-for-stm32.11.3.rel1.macos64_1.1.0.202305231506/tools/bin/../lib/gcc/arm-none-eabi/11.3.1/thumb/v7e-m+fp/hard/crtbegin.o
                                         0x44 (size before relaxing)
 .comment       0x0000000000000043       0x44 ./Core/Src/cmax.o
 .comment       0x0000000000000043       0x44 ./Core/Src/csqrt.o
 .comment       0x0000000000000043       0x44 ./Core/Src/ctranscendental.o
 .comment       0x0000000000000043       0x44 ./Core/Src/main.o
 .comment       0x0000000000000043       0x44 ./Core/Src/stm32l4xx_hal_msp.o
 .comment       0x0000000000000043       0x44 ./Core/Src/stm32l4xx_it.o
 .comment       0x0000000000000043       0x44 ./Core/Src/system_stm32l4xx.o
 .comment       0x0000000000000043       0x44 ./Drivers/STM32L4xx_HAL_Driver/Src/stm32l4xx_hal.o
 .comment       0x0000000000000043       0x44 ./Drivers/STM32L4xx_HAL_Driver/Src/stm32l4xx_hal_cortex.o
 .comment       0x0000000000000043       0x44 ./Drivers/STM32L4xx_HAL_Driver/Src/stm32l4xx_hal_pwr_ex.o
 .comment       0x0000000000000043       0x44 ./Drivers/STM32L4xx_HAL_Driver/Src/stm32l4xx_hal_rcc.o
 .comment       0x0000000000000043       0x44 ./Drivers/STM32L4xx_HAL_Driver/Src/stm32l4xx_hal_tim.o
 .comment       0x0000000000000043       0x44 ./Drivers/STM32L4xx_HAL_Driver/Src/stm32l4xx_hal_tim_ex.o
 .comment       0x0000000000000043       0x75 ../Core/Lib/libarm_cortexM4lf_math.a(arm_max_f32.o)
                                         0x76 (size before relaxing)
 .comment       0x00000000000000b8       0x76 ../Core/Lib/libarm_cortexM4lf_math.a(arm_sin_f32.o)
 .comment       0x00000000000000b8       0x76 ../Core/Lib/libarm_cortexM4lf_math.a(arm_cos_f32.o)
 .comment       0x00000000000000b8       0x76 ../Core/Lib/libarm_cortexM4lf_math.a(arm_common_tables.o)

.debug_line     0x0000000000000000     0xd2cf
 .debug_line    0x0000000000000000       0x59 ./Core/Src/asmmax.o
 .debug_line    0x0000000000000059       0x55 ./Core/Src/asmsqrt.o
 .debug_line    0x00000000000000ae       0x83 ./Core/Src/asmtranscendental.o
 .debug_line    0x0000000000000131      0x6e1 ./Core/Src/cmax.o
 .debug_line    0x0000000000000812      0x818 ./Core/Src/csqrt.o
 .debug_line    0x000000000000102a      0x8d8 ./Core/Src/ctranscendental.o
 .debug_line    0x0000000000001902      0xa86 ./Core/Src/main.o
 .debug_line    0x0000000000002388      0x6ff ./Core/Src/stm32l4xx_hal_msp.o
 .debug_line    0x0000000000002a87      0x79e ./Core/Src/stm32l4xx_it.o
 .debug_line    0x0000000000003225      0x75b ./Core/Src/system_stm32l4xx.o
 .debug_line    0x0000000000003980       0x7a ./Core/Startup/startup_stm32l4s5vitx.o
 .debug_line    0x00000000000039fa      0xab3 ./Drivers/STM32L4xx_HAL_Driver/Src/stm32l4xx_hal.o
 .debug_line    0x00000000000044ad      0xc5a ./Drivers/STM32L4xx_HAL_Driver/Src/stm32l4xx_hal_cortex.o
 .debug_line    0x0000000000005107      0xd20 ./Drivers/STM32L4xx_HAL_Driver/Src/stm32l4xx_hal_pwr_ex.o
 .debug_line    0x0000000000005e27     0x1004 ./Drivers/STM32L4xx_HAL_Driver/Src/stm32l4xx_hal_rcc.o
 .debug_line    0x0000000000006e2b     0x3d8d ./Drivers/STM32L4xx_HAL_Driver/Src/stm32l4xx_hal_tim.o
 .debug_line    0x000000000000abb8     0x1bc2 ./Drivers/STM32L4xx_HAL_Driver/Src/stm32l4xx_hal_tim_ex.o
 .debug_line    0x000000000000c77a      0x36f ../Core/Lib/libarm_cortexM4lf_math.a(arm_max_f32.o)
 .debug_line    0x000000000000cae9      0x2d0 ../Core/Lib/libarm_cortexM4lf_math.a(arm_sin_f32.o)
 .debug_line    0x000000000000cdb9      0x2d3 ../Core/Lib/libarm_cortexM4lf_math.a(arm_cos_f32.o)
 .debug_line    0x000000000000d08c      0x243 ../Core/Lib/libarm_cortexM4lf_math.a(arm_common_tables.o)

.debug_line_str
                0x0000000000000000       0x89
 .debug_line_str
                0x0000000000000000       0x43 ./Core/Src/asmmax.o
                                         0x4c (size before relaxing)
 .debug_line_str
                0x0000000000000043        0xa ./Core/Src/asmsqrt.o
                                         0x4e (size before relaxing)
 .debug_line_str
                0x000000000000004d       0x14 ./Core/Src/asmtranscendental.o
                                         0x62 (size before relaxing)
 .debug_line_str
                0x0000000000000061       0x28 ./Core/Startup/startup_stm32l4s5vitx.o
                                         0x6e (size before relaxing)

.debug_info     0x0000000000000000     0xf60c
 .debug_info    0x0000000000000000       0x24 ./Core/Src/asmmax.o
 .debug_info    0x0000000000000024       0x24 ./Core/Src/asmsqrt.o
 .debug_info    0x0000000000000048       0x25 ./Core/Src/asmtranscendental.o
 .debug_info    0x000000000000006d      0x105 ./Core/Src/cmax.o
 .debug_info    0x0000000000000172       0xd7 ./Core/Src/csqrt.o
 .debug_info    0x0000000000000249      0x22d ./Core/Src/ctranscendental.o
 .debug_info    0x0000000000000476     0x1104 ./Core/Src/main.o
 .debug_info    0x000000000000157a      0xcfc ./Core/Src/stm32l4xx_hal_msp.o
 .debug_info    0x0000000000002276      0x82d ./Core/Src/stm32l4xx_it.o
 .debug_info    0x0000000000002aa3      0x5e9 ./Core/Src/system_stm32l4xx.o
 .debug_info    0x000000000000308c       0x23 ./Core/Startup/startup_stm32l4s5vitx.o
 .debug_info    0x00000000000030af      0xb4f ./Drivers/STM32L4xx_HAL_Driver/Src/stm32l4xx_hal.o
 .debug_info    0x0000000000003bfe      0xd6a ./Drivers/STM32L4xx_HAL_Driver/Src/stm32l4xx_hal_cortex.o
 .debug_info    0x0000000000004968      0xa0a ./Drivers/STM32L4xx_HAL_Driver/Src/stm32l4xx_hal_pwr_ex.o
 .debug_info    0x0000000000005372      0xd32 ./Drivers/STM32L4xx_HAL_Driver/Src/stm32l4xx_hal_rcc.o
 .debug_info    0x00000000000060a4     0x2bc0 ./Drivers/STM32L4xx_HAL_Driver/Src/stm32l4xx_hal_tim.o
 .debug_info    0x0000000000008c64     0x17c4 ./Drivers/STM32L4xx_HAL_Driver/Src/stm32l4xx_hal_tim_ex.o
 .debug_info    0x000000000000a428      0xb3c ../Core/Lib/libarm_cortexM4lf_math.a(arm_max_f32.o)
 .debug_info    0x000000000000af64     0x1612 ../Core/Lib/libarm_cortexM4lf_math.a(arm_sin_f32.o)
 .debug_info    0x000000000000c576     0x1612 ../Core/Lib/libarm_cortexM4lf_math.a(arm_cos_f32.o)
 .debug_info    0x000000000000db88     0x1a84 ../Core/Lib/libarm_cortexM4lf_math.a(arm_common_tables.o)

.debug_abbrev   0x0000000000000000     0x213d
 .debug_abbrev  0x0000000000000000       0x14 ./Core/Src/asmmax.o
 .debug_abbrev  0x0000000000000014       0x14 ./Core/Src/asmsqrt.o
 .debug_abbrev  0x0000000000000028       0x14 ./Core/Src/asmtranscendental.o
 .debug_abbrev  0x000000000000003c       0x9e ./Core/Src/cmax.o
 .debug_abbrev  0x00000000000000da       0x7b ./Core/Src/csqrt.o
 .debug_abbrev  0x0000000000000155       0xdb ./Core/Src/ctranscendental.o
 .debug_abbrev  0x0000000000000230      0x2fd ./Core/Src/main.o
 .debug_abbrev  0x000000000000052d      0x1ad ./Core/Src/stm32l4xx_hal_msp.o
 .debug_abbrev  0x00000000000006da      0x191 ./Core/Src/stm32l4xx_it.o
 .debug_abbrev  0x000000000000086b      0x11a ./Core/Src/system_stm32l4xx.o
 .debug_abbrev  0x0000000000000985       0x12 ./Core/Startup/startup_stm32l4s5vitx.o
 .debug_abbrev  0x0000000000000997      0x242 ./Drivers/STM32L4xx_HAL_Driver/Src/stm32l4xx_hal.o
 .debug_abbrev  0x0000000000000bd9      0x327 ./Drivers/STM32L4xx_HAL_Driver/Src/stm32l4xx_hal_cortex.o
 .debug_abbrev  0x0000000000000f00      0x1f9 ./Drivers/STM32L4xx_HAL_Driver/Src/stm32l4xx_hal_pwr_ex.o
 .debug_abbrev  0x00000000000010f9      0x306 ./Drivers/STM32L4xx_HAL_Driver/Src/stm32l4xx_hal_rcc.o
 .debug_abbrev  0x00000000000013ff      0x276 ./Drivers/STM32L4xx_HAL_Driver/Src/stm32l4xx_hal_tim.o
 .debug_abbrev  0x0000000000001675      0x281 ./Drivers/STM32L4xx_HAL_Driver/Src/stm32l4xx_hal_tim_ex.o
 .debug_abbrev  0x00000000000018f6      0x212 ../Core/Lib/libarm_cortexM4lf_math.a(arm_max_f32.o)
 .debug_abbrev  0x0000000000001b08      0x22c ../Core/Lib/libarm_cortexM4lf_math.a(arm_sin_f32.o)
 .debug_abbrev  0x0000000000001d34      0x22c ../Core/Lib/libarm_cortexM4lf_math.a(arm_cos_f32.o)
 .debug_abbrev  0x0000000000001f60      0x1dd ../Core/Lib/libarm_cortexM4lf_math.a(arm_common_tables.o)

.debug_aranges  0x0000000000000000      0xc20
 .debug_aranges
                0x0000000000000000       0x20 ./Core/Src/asmmax.o
 .debug_aranges
                0x0000000000000020       0x20 ./Core/Src/asmsqrt.o
 .debug_aranges
                0x0000000000000040       0x20 ./Core/Src/asmtranscendental.o
 .debug_aranges
                0x0000000000000060       0x20 ./Core/Src/cmax.o
 .debug_aranges
                0x0000000000000080       0x20 ./Core/Src/csqrt.o
 .debug_aranges
                0x00000000000000a0       0x30 ./Core/Src/ctranscendental.o
 .debug_aranges
                0x00000000000000d0       0x40 ./Core/Src/main.o
 .debug_aranges
                0x0000000000000110       0x30 ./Core/Src/stm32l4xx_hal_msp.o
 .debug_aranges
                0x0000000000000140       0x68 ./Core/Src/stm32l4xx_it.o
 .debug_aranges
                0x00000000000001a8       0x28 ./Core/Src/system_stm32l4xx.o
 .debug_aranges
                0x00000000000001d0       0x28 ./Core/Startup/startup_stm32l4s5vitx.o
 .debug_aranges
                0x00000000000001f8      0x130 ./Drivers/STM32L4xx_HAL_Driver/Src/stm32l4xx_hal.o
 .debug_aranges
                0x0000000000000328      0x118 ./Drivers/STM32L4xx_HAL_Driver/Src/stm32l4xx_hal_cortex.o
 .debug_aranges
                0x0000000000000440      0x170 ./Drivers/STM32L4xx_HAL_Driver/Src/stm32l4xx_hal_pwr_ex.o
 .debug_aranges
                0x00000000000005b0       0x98 ./Drivers/STM32L4xx_HAL_Driver/Src/stm32l4xx_hal_rcc.o
 .debug_aranges
                0x0000000000000648      0x3e0 ./Drivers/STM32L4xx_HAL_Driver/Src/stm32l4xx_hal_tim.o
 .debug_aranges
                0x0000000000000a28      0x180 ./Drivers/STM32L4xx_HAL_Driver/Src/stm32l4xx_hal_tim_ex.o
 .debug_aranges
                0x0000000000000ba8       0x20 ../Core/Lib/libarm_cortexM4lf_math.a(arm_max_f32.o)
 .debug_aranges
                0x0000000000000bc8       0x20 ../Core/Lib/libarm_cortexM4lf_math.a(arm_sin_f32.o)
 .debug_aranges
                0x0000000000000be8       0x20 ../Core/Lib/libarm_cortexM4lf_math.a(arm_cos_f32.o)
 .debug_aranges
                0x0000000000000c08       0x18 ../Core/Lib/libarm_cortexM4lf_math.a(arm_common_tables.o)

.debug_str      0x0000000000000000   0x104834
 .debug_str     0x0000000000000000       0x4f ./Core/Src/asmmax.o
 .debug_str     0x000000000000004f       0x16 ./Core/Src/asmsqrt.o
                                         0x50 (size before relaxing)
 .debug_str     0x0000000000000065       0x20 ./Core/Src/asmtranscendental.o
                                         0x5a (size before relaxing)
 .debug_str     0x0000000000000085    0xfbbf9 ./Core/Src/cmax.o
                                      0xfbecd (size before relaxing)
 .debug_str     0x00000000000fbc7e     0x38f7 ./Core/Src/csqrt.o
                                      0xff792 (size before relaxing)
 .debug_str     0x00000000000ff575      0xc02 ./Core/Src/ctranscendental.o
                                     0x10042b (size before relaxing)
 .debug_str     0x0000000000100177      0xb64 ./Core/Src/main.o
                                     0x10101e (size before relaxing)
 .debug_str     0x0000000000100cdb      0x502 ./Core/Src/stm32l4xx_hal_msp.o
                                      0xfcbd1 (size before relaxing)
 .debug_str     0x00000000001011dd       0xec ./Core/Src/stm32l4xx_it.o
                                      0xfc586 (size before relaxing)
 .debug_str     0x00000000001012c9       0xfc ./Core/Src/system_stm32l4xx.o
                                      0xfc0fd (size before relaxing)
 .debug_str     0x00000000001013c5       0x28 ./Core/Startup/startup_stm32l4s5vitx.o
                                         0x62 (size before relaxing)
 .debug_str     0x00000000001013ed      0x650 ./Drivers/STM32L4xx_HAL_Driver/Src/stm32l4xx_hal.o
                                      0xfccdb (size before relaxing)
 .debug_str     0x0000000000101a3d      0x31d ./Drivers/STM32L4xx_HAL_Driver/Src/stm32l4xx_hal_cortex.o
                                      0xfc96a (size before relaxing)
 .debug_str     0x0000000000101d5a      0x5c1 ./Drivers/STM32L4xx_HAL_Driver/Src/stm32l4xx_hal_pwr_ex.o
                                      0xfc6d0 (size before relaxing)
 .debug_str     0x000000000010231b      0x453 ./Drivers/STM32L4xx_HAL_Driver/Src/stm32l4xx_hal_rcc.o
                                      0xfc770 (size before relaxing)
 .debug_str     0x000000000010276e      0xe56 ./Drivers/STM32L4xx_HAL_Driver/Src/stm32l4xx_hal_tim.o
                                      0xfd519 (size before relaxing)
 .debug_str     0x00000000001035c4      0x588 ./Drivers/STM32L4xx_HAL_Driver/Src/stm32l4xx_hal_tim_ex.o
                                      0xfce2d (size before relaxing)
 .debug_str     0x0000000000103b4c      0x585 ../Core/Lib/libarm_cortexM4lf_math.a(arm_max_f32.o)
                                        0x68b (size before relaxing)
 .debug_str     0x00000000001040d1      0x701 ../Core/Lib/libarm_cortexM4lf_math.a(arm_sin_f32.o)
                                        0xd42 (size before relaxing)
 .debug_str     0x00000000001047d2       0x34 ../Core/Lib/libarm_cortexM4lf_math.a(arm_cos_f32.o)
                                        0xd42 (size before relaxing)
 .debug_str     0x0000000000104806       0x2e ../Core/Lib/libarm_cortexM4lf_math.a(arm_common_tables.o)
                                        0xd1d (size before relaxing)

.debug_rnglists
                0x0000000000000000      0x8b6
 .debug_rnglists
                0x0000000000000000       0x13 ./Core/Src/cmax.o
 .debug_rnglists
                0x0000000000000013       0x14 ./Core/Src/csqrt.o
 .debug_rnglists
                0x0000000000000027       0x2f ./Core/Src/ctranscendental.o
 .debug_rnglists
                0x0000000000000056       0x2e ./Core/Src/main.o
 .debug_rnglists
                0x0000000000000084       0x1f ./Core/Src/stm32l4xx_hal_msp.o
 .debug_rnglists
                0x00000000000000a3       0x49 ./Core/Src/stm32l4xx_it.o
 .debug_rnglists
                0x00000000000000ec       0x1a ./Core/Src/system_stm32l4xx.o
 .debug_rnglists
                0x0000000000000106       0x19 ./Core/Startup/startup_stm32l4s5vitx.o
 .debug_rnglists
                0x000000000000011f       0xdf ./Drivers/STM32L4xx_HAL_Driver/Src/stm32l4xx_hal.o
 .debug_rnglists
                0x00000000000001fe       0xce ./Drivers/STM32L4xx_HAL_Driver/Src/stm32l4xx_hal_cortex.o
 .debug_rnglists
                0x00000000000002cc      0x115 ./Drivers/STM32L4xx_HAL_Driver/Src/stm32l4xx_hal_pwr_ex.o
 .debug_rnglists
                0x00000000000003e1       0x74 ./Drivers/STM32L4xx_HAL_Driver/Src/stm32l4xx_hal_rcc.o
 .debug_rnglists
                0x0000000000000455      0x328 ./Drivers/STM32L4xx_HAL_Driver/Src/stm32l4xx_hal_tim.o
 .debug_rnglists
                0x000000000000077d      0x139 ./Drivers/STM32L4xx_HAL_Driver/Src/stm32l4xx_hal_tim_ex.o

.debug_macro    0x0000000000000000    0x2a214
 .debug_macro   0x0000000000000000      0x1c4 ./Core/Src/cmax.o
 .debug_macro   0x00000000000001c4      0xaa8 ./Core/Src/cmax.o
 .debug_macro   0x0000000000000c6c      0x1a1 ./Core/Src/cmax.o
 .debug_macro   0x0000000000000e0d       0x2e ./Core/Src/cmax.o
 .debug_macro   0x0000000000000e3b       0x28 ./Core/Src/cmax.o
 .debug_macro   0x0000000000000e63       0x22 ./Core/Src/cmax.o
 .debug_macro   0x0000000000000e85       0x8e ./Core/Src/cmax.o
 .debug_macro   0x0000000000000f13       0x51 ./Core/Src/cmax.o
 .debug_macro   0x0000000000000f64      0x103 ./Core/Src/cmax.o
 .debug_macro   0x0000000000001067       0x6a ./Core/Src/cmax.o
 .debug_macro   0x00000000000010d1      0x1df ./Core/Src/cmax.o
 .debug_macro   0x00000000000012b0       0x1c ./Core/Src/cmax.o
 .debug_macro   0x00000000000012cc       0x22 ./Core/Src/cmax.o
 .debug_macro   0x00000000000012ee       0xfb ./Core/Src/cmax.o
 .debug_macro   0x00000000000013e9     0x1011 ./Core/Src/cmax.o
 .debug_macro   0x00000000000023fa      0x11f ./Core/Src/cmax.o
 .debug_macro   0x0000000000002519    0x1d292 ./Core/Src/cmax.o
 .debug_macro   0x000000000001f7ab       0x6d ./Core/Src/cmax.o
 .debug_macro   0x000000000001f818     0x38ed ./Core/Src/cmax.o
 .debug_macro   0x0000000000023105      0x174 ./Core/Src/cmax.o
 .debug_macro   0x0000000000023279       0x5c ./Core/Src/cmax.o
 .debug_macro   0x00000000000232d5     0x1910 ./Core/Src/cmax.o
 .debug_macro   0x0000000000024be5      0x7dc ./Core/Src/cmax.o
 .debug_macro   0x00000000000253c1      0x1b9 ./Core/Src/cmax.o
 .debug_macro   0x000000000002557a      0x225 ./Core/Src/cmax.o
 .debug_macro   0x000000000002579f      0x486 ./Core/Src/cmax.o
 .debug_macro   0x0000000000025c25      0x1ce ./Core/Src/cmax.o
 .debug_macro   0x0000000000025df3       0x43 ./Core/Src/cmax.o
 .debug_macro   0x0000000000025e36      0x23d ./Core/Src/cmax.o
 .debug_macro   0x0000000000026073      0x241 ./Core/Src/cmax.o
 .debug_macro   0x00000000000262b4      0x416 ./Core/Src/cmax.o
 .debug_macro   0x00000000000266ca       0x1c ./Core/Src/cmax.o
 .debug_macro   0x00000000000266e6       0xf2 ./Core/Src/cmax.o
 .debug_macro   0x00000000000267d8      0x122 ./Core/Src/cmax.o
 .debug_macro   0x00000000000268fa      0x3f6 ./Core/Src/cmax.o
 .debug_macro   0x0000000000026cf0      0xa98 ./Core/Src/cmax.o
 .debug_macro   0x0000000000027788      0x196 ./Core/Src/cmax.o
 .debug_macro   0x000000000002791e      0x432 ./Core/Src/cmax.o
 .debug_macro   0x0000000000027d50      0x26f ./Core/Src/csqrt.o
 .debug_macro   0x0000000000027fbf       0x61 ./Core/Src/csqrt.o
 .debug_macro   0x0000000000028020       0x2a ./Core/Src/csqrt.o
 .debug_macro   0x000000000002804a       0x43 ./Core/Src/csqrt.o
 .debug_macro   0x000000000002808d       0x34 ./Core/Src/csqrt.o
 .debug_macro   0x00000000000280c1       0x16 ./Core/Src/csqrt.o
 .debug_macro   0x00000000000280d7       0x43 ./Core/Src/csqrt.o
 .debug_macro   0x000000000002811a       0x34 ./Core/Src/csqrt.o
 .debug_macro   0x000000000002814e       0x10 ./Core/Src/csqrt.o
 .debug_macro   0x000000000002815e       0x58 ./Core/Src/csqrt.o
 .debug_macro   0x00000000000281b6       0x8e ./Core/Src/csqrt.o
 .debug_macro   0x0000000000028244       0x1c ./Core/Src/csqrt.o
 .debug_macro   0x0000000000028260      0x177 ./Core/Src/csqrt.o
 .debug_macro   0x00000000000283d7      0x369 ./Core/Src/csqrt.o
 .debug_macro   0x0000000000028740      0x19b ./Core/Src/csqrt.o
 .debug_macro   0x00000000000288db      0x2cc ./Core/Src/ctranscendental.o
 .debug_macro   0x0000000000028ba7       0x10 ./Core/Src/ctranscendental.o
 .debug_macro   0x0000000000028bb7       0x35 ./Core/Src/ctranscendental.o
 .debug_macro   0x0000000000028bec       0x20 ./Core/Src/ctranscendental.o
 .debug_macro   0x0000000000028c0c      0x201 ./Core/Src/ctranscendental.o
 .debug_macro   0x0000000000028e0d       0xc8 ./Core/Src/ctranscendental.o
 .debug_macro   0x0000000000028ed5      0x2dc ./Core/Src/main.o
 .debug_macro   0x00000000000291b1      0x1c4 ./Core/Src/stm32l4xx_hal_msp.o
 .debug_macro   0x0000000000029375      0x1ce ./Core/Src/stm32l4xx_it.o
 .debug_macro   0x0000000000029543      0x1ba ./Core/Src/system_stm32l4xx.o
 .debug_macro   0x00000000000296fd      0x208 ./Drivers/STM32L4xx_HAL_Driver/Src/stm32l4xx_hal.o
 .debug_macro   0x0000000000029905      0x1ba ./Drivers/STM32L4xx_HAL_Driver/Src/stm32l4xx_hal_cortex.o
 .debug_macro   0x0000000000029abf      0x1e4 ./Drivers/STM32L4xx_HAL_Driver/Src/stm32l4xx_hal_pwr_ex.o
 .debug_macro   0x0000000000029ca3      0x1fc ./Drivers/STM32L4xx_HAL_Driver/Src/stm32l4xx_hal_rcc.o
 .debug_macro   0x0000000000029e9f      0x1bb ./Drivers/STM32L4xx_HAL_Driver/Src/stm32l4xx_hal_tim.o
 .debug_macro   0x000000000002a05a      0x1ba ./Drivers/STM32L4xx_HAL_Driver/Src/stm32l4xx_hal_tim_ex.o

.debug_frame    0x0000000000000000     0x31a0
 .debug_frame   0x0000000000000000       0x38 ./Core/Src/cmax.o
 .debug_frame   0x0000000000000038       0x34 ./Core/Src/csqrt.o
 .debug_frame   0x000000000000006c       0x9c ./Core/Src/ctranscendental.o
 .debug_frame   0x0000000000000108       0xbc ./Core/Src/main.o
 .debug_frame   0x00000000000001c4       0x80 ./Core/Src/stm32l4xx_hal_msp.o
 .debug_frame   0x0000000000000244      0x120 ./Core/Src/stm32l4xx_it.o
 .debug_frame   0x0000000000000364       0x58 ./Core/Src/system_stm32l4xx.o
 .debug_frame   0x00000000000003bc      0x498 ./Drivers/STM32L4xx_HAL_Driver/Src/stm32l4xx_hal.o
 .debug_frame   0x0000000000000854      0x498 ./Drivers/STM32L4xx_HAL_Driver/Src/stm32l4xx_hal_cortex.o
 .debug_frame   0x0000000000000cec      0x5c4 ./Drivers/STM32L4xx_HAL_Driver/Src/stm32l4xx_hal_pwr_ex.o
 .debug_frame   0x00000000000012b0      0x248 ./Drivers/STM32L4xx_HAL_Driver/Src/stm32l4xx_hal_rcc.o
 .debug_frame   0x00000000000014f8     0x1218 ./Drivers/STM32L4xx_HAL_Driver/Src/stm32l4xx_hal_tim.o
 .debug_frame   0x0000000000002710      0x6b0 ./Drivers/STM32L4xx_HAL_Driver/Src/stm32l4xx_hal_tim_ex.o
 .debug_frame   0x0000000000002dc0       0x30 ../Core/Lib/libarm_cortexM4lf_math.a(arm_max_f32.o)
 .debug_frame   0x0000000000002df0       0x20 ../Core/Lib/libarm_cortexM4lf_math.a(arm_sin_f32.o)
 .debug_frame   0x0000000000002e10       0x20 ../Core/Lib/libarm_cortexM4lf_math.a(arm_cos_f32.o)
 .debug_frame   0x0000000000002e30      0x13c /Applications/STM32CubeIDE.app/Contents/Eclipse/plugins/com.st.stm32cube.ide.mcu.externaltools.gnu-tools-for-stm32.11.3.rel1.macos64_1.1.0.202305231506/tools/bin/../lib/gcc/arm-none-eabi/11.3.1/../../../../arm-none-eabi/lib/thumb/v7e-m+fp/hard/libc_nano.a(libc_a-findfp.o)
 .debug_frame   0x0000000000002f6c       0x20 /Applications/STM32CubeIDE.app/Contents/Eclipse/plugins/com.st.stm32cube.ide.mcu.externaltools.gnu-tools-for-stm32.11.3.rel1.macos64_1.1.0.202305231506/tools/bin/../lib/gcc/arm-none-eabi/11.3.1/../../../../arm-none-eabi/lib/thumb/v7e-m+fp/hard/libc_nano.a(libc_a-memset.o)
 .debug_frame   0x0000000000002f8c       0x20 /Applications/STM32CubeIDE.app/Contents/Eclipse/plugins/com.st.stm32cube.ide.mcu.externaltools.gnu-tools-for-stm32.11.3.rel1.macos64_1.1.0.202305231506/tools/bin/../lib/gcc/arm-none-eabi/11.3.1/../../../../arm-none-eabi/lib/thumb/v7e-m+fp/hard/libc_nano.a(libc_a-errno.o)
 .debug_frame   0x0000000000002fac       0x2c /Applications/STM32CubeIDE.app/Contents/Eclipse/plugins/com.st.stm32cube.ide.mcu.externaltools.gnu-tools-for-stm32.11.3.rel1.macos64_1.1.0.202305231506/tools/bin/../lib/gcc/arm-none-eabi/11.3.1/../../../../arm-none-eabi/lib/thumb/v7e-m+fp/hard/libc_nano.a(libc_a-init.o)
 .debug_frame   0x0000000000002fd8       0x38 /Applications/STM32CubeIDE.app/Contents/Eclipse/plugins/com.st.stm32cube.ide.mcu.externaltools.gnu-tools-for-stm32.11.3.rel1.macos64_1.1.0.202305231506/tools/bin/../lib/gcc/arm-none-eabi/11.3.1/../../../../arm-none-eabi/lib/thumb/v7e-m+fp/hard/libm.a(libm_a-wf_sqrt.o)
 .debug_frame   0x0000000000003010       0x20 /Applications/STM32CubeIDE.app/Contents/Eclipse/plugins/com.st.stm32cube.ide.mcu.externaltools.gnu-tools-for-stm32.11.3.rel1.macos64_1.1.0.202305231506/tools/bin/../lib/gcc/arm-none-eabi/11.3.1/../../../../arm-none-eabi/lib/thumb/v7e-m+fp/hard/libm.a(libm_a-ef_sqrt.o)
 .debug_frame   0x0000000000003030       0xac /Applications/STM32CubeIDE.app/Contents/Eclipse/plugins/com.st.stm32cube.ide.mcu.externaltools.gnu-tools-for-stm32.11.3.rel1.macos64_1.1.0.202305231506/tools/bin/../lib/gcc/arm-none-eabi/11.3.1/thumb/v7e-m+fp/hard/libgcc.a(_arm_addsubdf3.o)
 .debug_frame   0x00000000000030dc       0xc4 /Applications/STM32CubeIDE.app/Contents/Eclipse/plugins/com.st.stm32cube.ide.mcu.externaltools.gnu-tools-for-stm32.11.3.rel1.macos64_1.1.0.202305231506/tools/bin/../lib/gcc/arm-none-eabi/11.3.1/thumb/v7e-m+fp/hard/libgcc.a(_arm_cmpdf2.o)

.debug_loc      0x0000000000000000      0x557
 .debug_loc     0x0000000000000000      0x363 ../Core/Lib/libarm_cortexM4lf_math.a(arm_max_f32.o)
 .debug_loc     0x0000000000000363       0xfa ../Core/Lib/libarm_cortexM4lf_math.a(arm_sin_f32.o)
 .debug_loc     0x000000000000045d       0xfa ../Core/Lib/libarm_cortexM4lf_math.a(arm_cos_f32.o)

.debug_ranges   0x0000000000000000       0x30
 .debug_ranges  0x0000000000000000       0x10 ../Core/Lib/libarm_cortexM4lf_math.a(arm_max_f32.o)
 .debug_ranges  0x0000000000000010       0x10 ../Core/Lib/libarm_cortexM4lf_math.a(arm_sin_f32.o)
 .debug_ranges  0x0000000000000020       0x10 ../Core/Lib/libarm_cortexM4lf_math.a(arm_cos_f32.o)
