../Core/Src/main.c:87:6:HAL_GPIO_EXTI_Callback	16	static
../Core/Src/main.c:97:6:HAL_DFSDM_FilterRegConvCpltCallback	32	static
../Core/Src/main.c:138:6:HAL_TIM_PeriodElapsedCallback	16	static
../Core/Src/main.c:161:5:main	8	static
../Core/Src/main.c:213:6:SystemClock_Config	96	static
../Core/Src/main.c:264:13:MX_DAC1_Init	48	static
../Core/Src/main.c:308:13:MX_DFSDM1_Init	8	static
../Core/Src/main.c:361:13:MX_TIM2_Init	40	static
../Core/Src/main.c:404:13:MX_DMA_Init	16	static
../Core/Src/main.c:426:13:MX_GPIO_Init	48	static
../Core/Src/main.c:470:6:Error_Handler	4	static,ignoring_inline_asm
