../Core/Src/main.c:121:5:main	104	static
../Core/Src/main.c:267:6:SystemClock_Config	96	static
../Core/Src/main.c:318:13:MX_I2C2_Init	8	static
../Core/Src/main.c:366:13:MX_OCTOSPI1_Init	32	static
../Core/Src/main.c:414:13:MX_USART1_UART_Init	8	static
../Core/Src/main.c:462:13:MX_GPIO_Init	40	static
../Core/Src/main.c:506:6:getAverages	40	dynamic
../Core/Src/main.c:548:6:readFromSensors	16	static
../Core/Src/main.c:617:6:transmitViaUART	56	static
../Core/Src/main.c:692:6:hasButtonBeenPressed	24	static
../Core/Src/main.c:731:6:HAL_TIM_PeriodElapsedCallback	16	static
../Core/Src/main.c:748:6:Error_Handler	8	static,ignoring_inline_asm
