../Core/Src/main.c:133:5:main	104	static
../Core/Src/main.c:248:6:SystemClock_Config	96	static
../Core/Src/main.c:299:13:MX_I2C2_Init	8	static
../Core/Src/main.c:347:13:MX_OCTOSPI1_Init	32	static
../Core/Src/main.c:395:13:MX_USART1_UART_Init	8	static
../Core/Src/main.c:443:13:MX_GPIO_Init	40	static
../Core/Src/main.c:487:6:getPressureAverage	80	dynamic
../Core/Src/main.c:528:6:getTemperatureAverage	80	dynamic
../Core/Src/main.c:571:6:getGyroAverage	128	dynamic
../Core/Src/main.c:644:6:getMagnetoAverage	128	dynamic
../Core/Src/main.c:715:6:printAllAverages	104	static
../Core/Src/main.c:835:6:deleteBlocks	8	static
../Core/Src/main.c:893:6:readFromSensors	16	static
../Core/Src/main.c:965:6:transmitViaUART	48	static
../Core/Src/main.c:1066:6:hasButtonBeenPressed	24	static
../Core/Src/main.c:1107:6:HAL_TIM_PeriodElapsedCallback	16	static
../Core/Src/main.c:1124:6:Error_Handler	8	static,ignoring_inline_asm
